Product: MDK-ARM Professional 5.10
Component: ARM Compiler 5.04 update 1 (build 49)
Tool: armlink [5040049]

==============================================================================

Section Cross References

    main.o(.text) refers to _printf_percent.o(.ARM.Collect$$_printf_percent$$00000000) for _printf_percent
    main.o(.text) refers to _printf_d.o(.ARM.Collect$$_printf_percent$$00000009) for _printf_d
    main.o(.text) refers to _printf_dec.o(.text) for _printf_int_dec
    main.o(.text) refers to _printf_s.o(.ARM.Collect$$_printf_percent$$00000014) for _printf_s
    main.o(.text) refers to _printf_str.o(.text) for _printf_str
    main.o(.text) refers to _printf_c.o(.ARM.Collect$$_printf_percent$$00000013) for _printf_c
    main.o(.text) refers to rt_memclr_w.o(.text) for __aeabi_memclr4
    main.o(.text) refers to delay.o(.text) for delay_init
    main.o(.text) refers to led.o(.text) for LED_Init
    main.o(.text) refers to sys.o(.text) for NVIC_Configuration
    main.o(.text) refers to usart.o(.text) for uart_init
    main.o(.text) refers to timer.o(.text) for TIM3_Int_Init
    main.o(.text) refers to usart2.o(.text) for USART2_Init
    main.o(.text) refers to usart3.o(.text) for usart3_init
    main.o(.text) refers to uart4.o(.text) for uart4_init
    main.o(.text) refers to usartgpu.o(.text) for usartgpu_init
    main.o(.text) refers to drugchoose.o(.text) for cleardrug
    main.o(.text) refers to rtc.o(.text) for RTC_Init
    main.o(.text) refers to hc05.o(.text) for HC05_GetStr
    main.o(.text) refers to sim900.o(.text) for sim900a_init
    main.o(.text) refers to __2printf.o(.text) for __2printf
    main.o(.text) refers to __2sprintf.o(.text) for __2sprintf
    main.o(.text) refers to main.o(.data) for n
    main.o(.text) refers to rtc.o(.bss) for calendar
    main.o(.text) refers to main.o(.bss) for phonenum
    main.o(.text) refers to usart.o(.data) for USART_RX_STA
    main.o(.text) refers to main.o(.conststring) for .conststring
    main.o(.text) refers to drugchoose.o(.data) for drug_t1
    main.o(.text) refers to xfs5152ce.o(.text) for voice_sy
    system_stm32f10x.o(.text) refers to system_stm32f10x.o(.data) for SystemCoreClock
    stm32f10x_adc.o(.text) refers to stm32f10x_rcc.o(.text) for RCC_APB2PeriphResetCmd
    stm32f10x_bkp.o(.text) refers to stm32f10x_rcc.o(.text) for RCC_BackupResetCmd
    stm32f10x_can.o(.text) refers to stm32f10x_rcc.o(.text) for RCC_APB1PeriphResetCmd
    stm32f10x_cec.o(.text) refers to stm32f10x_rcc.o(.text) for RCC_APB1PeriphResetCmd
    stm32f10x_dac.o(.text) refers to stm32f10x_rcc.o(.text) for RCC_APB1PeriphResetCmd
    stm32f10x_gpio.o(.text) refers to stm32f10x_rcc.o(.text) for RCC_APB2PeriphResetCmd
    stm32f10x_i2c.o(.text) refers to stm32f10x_rcc.o(.text) for RCC_APB1PeriphResetCmd
    stm32f10x_pwr.o(.text) refers to stm32f10x_rcc.o(.text) for RCC_APB1PeriphResetCmd
    stm32f10x_rcc.o(.text) refers to stm32f10x_rcc.o(.data) for APBAHBPrescTable
    stm32f10x_spi.o(.text) refers to stm32f10x_rcc.o(.text) for RCC_APB2PeriphResetCmd
    stm32f10x_tim.o(.text) refers to stm32f10x_rcc.o(.text) for RCC_APB2PeriphResetCmd
    stm32f10x_usart.o(.text) refers to stm32f10x_rcc.o(.text) for RCC_APB2PeriphResetCmd
    stm32f10x_wwdg.o(.text) refers to stm32f10x_rcc.o(.text) for RCC_APB1PeriphResetCmd
    startup_stm32f10x_hd.o(STACK) refers (Special) to heapauxi.o(.text) for __use_two_region_memory
    startup_stm32f10x_hd.o(HEAP) refers (Special) to heapauxi.o(.text) for __use_two_region_memory
    startup_stm32f10x_hd.o(RESET) refers (Special) to heapauxi.o(.text) for __use_two_region_memory
    startup_stm32f10x_hd.o(RESET) refers to startup_stm32f10x_hd.o(STACK) for __initial_sp
    startup_stm32f10x_hd.o(RESET) refers to startup_stm32f10x_hd.o(.text) for Reset_Handler
    startup_stm32f10x_hd.o(RESET) refers to stm32f10x_it.o(.text) for NMI_Handler
    startup_stm32f10x_hd.o(RESET) refers to rtc.o(.text) for RTC_IRQHandler
    startup_stm32f10x_hd.o(RESET) refers to timer.o(.text) for TIM3_IRQHandler
    startup_stm32f10x_hd.o(RESET) refers to usart2.o(.text) for TIM4_IRQHandler
    startup_stm32f10x_hd.o(RESET) refers to usart.o(.text) for USART1_IRQHandler
    startup_stm32f10x_hd.o(RESET) refers to usart3.o(.text) for USART3_IRQHandler
    startup_stm32f10x_hd.o(RESET) refers to uart4.o(.text) for UART4_IRQHandler
    startup_stm32f10x_hd.o(.text) refers (Special) to heapauxi.o(.text) for __use_two_region_memory
    startup_stm32f10x_hd.o(.text) refers to system_stm32f10x.o(.text) for SystemInit
    startup_stm32f10x_hd.o(.text) refers to __main.o(!!!main) for __main
    startup_stm32f10x_hd.o(.text) refers to startup_stm32f10x_hd.o(HEAP) for Heap_Mem
    startup_stm32f10x_hd.o(.text) refers to startup_stm32f10x_hd.o(STACK) for Stack_Mem
    delay.o(.text) refers to misc.o(.text) for SysTick_CLKSourceConfig
    delay.o(.text) refers to system_stm32f10x.o(.data) for SystemCoreClock
    delay.o(.text) refers to delay.o(.data) for fac_us
[...]
    x$fpl$printf1                            0x08007294   Section        4  printf1.o(x$fpl$printf1)
    .constdata                               0x08007298   Section       24  rtc.o(.constdata)
    x$fpl$usenofp                            0x08007298   Section        0  usenofp.o(x$fpl$usenofp)
    .constdata                               0x080072b0   Section       17  __printf_flags_ss_wp.o(.constdata)
    maptable                                 0x080072b0   Data          17  __printf_flags_ss_wp.o(.constdata)
    .constdata                               0x080072c4   Section        8  _printf_wctomb.o(.constdata)
    initial_mbstate                          0x080072c4   Data           8  _printf_wctomb.o(.constdata)
    .constdata                               0x080072cc   Section       40  _printf_hex_int_ll_ptr.o(.constdata)
    uc_hextab                                0x080072cc   Data          20  _printf_hex_int_ll_ptr.o(.constdata)
    lc_hextab                                0x080072e0   Data          20  _printf_hex_int_ll_ptr.o(.constdata)
    .constdata                               0x080072f4   Section      148  bigflt0.o(.constdata)
    tenpwrs_x                                0x080072f4   Data          60  bigflt0.o(.constdata)
    tenpwrs_i                                0x08007330   Data          64  bigflt0.o(.constdata)
    .conststring                             0x08007388   Section     2496  main.o(.conststring)
    .conststring                             0x08007d48   Section      152  rtc.o(.conststring)
    locale$$data                             0x08007e00   Section       28  lc_numeric_c.o(locale$$data)
    __lcnum_c_name                           0x08007e04   Data           2  lc_numeric_c.o(locale$$data)
    __lcnum_c_start                          0x08007e0c   Data           0  lc_numeric_c.o(locale$$data)
    __lcnum_c_point                          0x08007e18   Data           0  lc_numeric_c.o(locale$$data)
    __lcnum_c_thousands                      0x08007e1a   Data           0  lc_numeric_c.o(locale$$data)
    __lcnum_c_grouping                       0x08007e1b   Data           0  lc_numeric_c.o(locale$$data)
    locale$$data                             0x08007e1c   Section      272  lc_ctype_c.o(locale$$data)
    __lcnum_c_end                            0x08007e1c   Data           0  lc_numeric_c.o(locale$$data)
    __lcctype_c_name                         0x08007e20   Data           2  lc_ctype_c.o(locale$$data)
    __lcctype_c_start                        0x08007e28   Data           0  lc_ctype_c.o(locale$$data)
    __lcctype_c_end                          0x08007f2c   Data           0  lc_ctype_c.o(locale$$data)
    .data                                    0x20000000   Section       36  main.o(.data)
    .data                                    0x20000024   Section       20  system_stm32f10x.o(.data)
    .data                                    0x20000038   Section       20  stm32f10x_rcc.o(.data)
    APBAHBPrescTable                         0x20000038   Data          16  stm32f10x_rcc.o(.data)
    ADCPrescTable                            0x20000048   Data           4  stm32f10x_rcc.o(.data)
    .data                                    0x2000004c   Section        4  delay.o(.data)
    fac_us                                   0x2000004c   Data           1  delay.o(.data)
    fac_ms                                   0x2000004e   Data           2  delay.o(.data)
    .data                                    0x20000050   Section        6  usart.o(.data)
    .data                                    0x20000056   Section        4  rtc.o(.data)
    daycnt                                   0x20000056   Data           2  rtc.o(.data)
    daycnt                                   0x20000058   Data           2  rtc.o(.data)
    .data                                    0x2000005a   Section       32  drugchoose.o(.data)
    .data                                    0x2000007a   Section        4  hc05.o(.data)
    .data                                    0x2000007e   Section        3  timer.o(.data)
    t                                        0x2000007e   Data           1  timer.o(.data)
    cnt                                      0x2000007f   Data           1  timer.o(.data)
    vt                                       0x20000080   Data           1  timer.o(.data)
    .data                                    0x20000082   Section        2  usart2.o(.data)
    .data                                    0x20000084   Section        2  uart4.o(.data)
    .data                                    0x20000086   Section        2  usart3.o(.data)
    .bss                                     0x20000088   Section       32  main.o(.bss)
    .bss                                     0x200000a8   Section      200  usart.o(.bss)
    .bss                                     0x20000170   Section       20  rtc.o(.bss)
    .bss                                     0x20000188   Section      400  usart2.o(.bss)
    .bss                                     0x20000318   Section     1200  usart3.o(.bss)
    .bss                                     0x200007c8   Section       96  libspace.o(.bss)
    HEAP                                     0x20000828   Section      512  startup_stm32f10x_hd.o(HEAP)
    Heap_Mem                                 0x20000828   Data         512  startup_stm32f10x_hd.o(HEAP)
    STACK                                    0x20000a28   Section     1024  startup_stm32f10x_hd.o(STACK)
    Stack_Mem                                0x20000a28   Data        1024  startup_stm32f10x_hd.o(STACK)
    __initial_sp                             0x20000e28   Data           0  startup_stm32f10x_hd.o(STACK)

    Global Symbols

    Symbol Name                              Value     Ov Type        Size  Object(Section)

    BuildAttributes$$THM_ISAv4$P$D$K$B$S$PE$A:L22UL41UL21$X:L11$S22US41US21$IEEE1$IW$USESV6$~STKCKD$USESV7$~SHL$OTIME$ROPI$IEEEJ$EBA8$UX$STANDARDLIB$REQ8$PRES8$EABIv2 0x00000000   Number         0  anon$$obj.o ABSOLUTE
    __ARM_use_no_argv                        0x00000000   Number         0  main.o ABSOLUTE
    _printf_flags                            0x00000000   Number         0  printf_stubs.o ABSOLUTE
    _printf_return_value                     0x00000000   Number         0  printf_stubs.o ABSOLUTE
    _printf_sizespec                         0x00000000   Number         0  printf_stubs.o ABSOLUTE
    _printf_widthprec                        0x00000000   Number         0  printf_stubs.o ABSOLUTE
    __ARM_exceptions_init                     - Undefined Weak Reference
    __alloca_initialize                       - Undefined Weak Reference
    __cpp_initialize__aeabi_                  - Undefined Weak Reference
    __cxa_finalize                            - Undefined Weak Reference
    __sigvec_lookup                           - Undefined Weak Reference
    _atexit_init                              - Undefined Weak Reference
    _call_atexit_fns                          - Undefined Weak Reference
    _clock_init                               - Undefined Weak Reference
    _fp_trap_init                             - Undefined Weak Reference
    _fp_trap_shutdown                         - Undefined Weak Reference
    _get_lc_collate                           - Undefined Weak Reference
    _get_lc_monetary                          - Undefined Weak Reference
    _get_lc_time                              - Undefined Weak Reference
    _getenv_init                              - Undefined Weak Reference
    _handle_redirection                       - Undefined Weak Reference
    _init_alloc                               - Undefined Weak Reference
    _init_user_alloc                          - Undefined Weak Reference
    _initio                                   - Undefined Weak Reference
    _mutex_acquire                            - Undefined Weak Reference
    _mutex_release                            - Undefined Weak Reference
    _printf_fp_hex                            - Undefined Weak Reference
    _printf_mbtowc                            - Undefined Weak Reference
    _printf_wc                                - Undefined Weak Reference
    _rand_init                                - Undefined Weak Reference
    _signal_finish                            - Undefined Weak Reference
    _signal_init                              - Undefined Weak Reference
    _terminate_alloc                          - Undefined Weak Reference
    _terminate_user_alloc                     - Undefined Weak Reference
    _terminateio                              - Undefined Weak Reference
    __Vectors_Size                           0x00000130   Number         0  startup_stm32f10x_hd.o ABSOLUTE
    __Vectors                                0x08000000   Data           4  startup_stm32f10x_hd.o(RESET)
    __Vectors_End                            0x08000130   Data           0  startup_stm32f10x_hd.o(RESET)
    __main                                   0x08000131   Thumb Code     8  __main.o(!!!main)
    __scatterload                            0x08000139   Thumb Code     0  __scatter.o(!!!scatter)
    __scatterload_rt2                        0x08000139   Thumb Code    44  __scatter.o(!!!scatter)
    __scatterload_rt2_thumb_only             0x08000139   Thumb Code     0  __scatter.o(!!!scatter)
    __scatterload_null                       0x08000147   Thumb Code     0  __scatter.o(!!!scatter)
    __scatterload_copy                       0x0800016d   Thumb Code    26  __scatter_copy.o(!!handler_copy)
    __scatterload_zeroinit                   0x08000189   Thumb Code    28  __scatter_zi.o(!!handler_zi)
    _printf_n                                0x080001a5   Thumb Code     0  _printf_n.o(.ARM.Collect$$_printf_percent$$00000001)
    _printf_percent                          0x080001a5   Thumb Code     0  _printf_percent.o(.ARM.Collect$$_printf_percent$$00000000)
    _printf_p                                0x080001ab   Thumb Code     0  _printf_p.o(.ARM.Collect$$_printf_percent$$00000002)
    _printf_f                                0x080001b1   Thumb Code     0  _printf_f.o(.ARM.Collect$$_printf_percent$$00000003)
    _printf_e                                0x080001b7   Thumb Code     0  _printf_e.o(.ARM.Collect$$_printf_percent$$00000004)
    _printf_g                                0x080001bd   Thumb Code     0  _printf_g.o(.ARM.Collect$$_printf_percent$$00000005)
    _printf_a                                0x080001c3   Thumb Code     0  _printf_a.o(.ARM.Collect$$_printf_percent$$00000006)
    _printf_ll                               0x080001c9   Thumb Code     0  _printf_ll.o(.ARM.Collect$$_printf_percent$$00000007)
    _printf_i                                0x080001d3   Thumb Code     0  _printf_i.o(.ARM.Collect$$_printf_percent$$00000008)
    _printf_d                                0x080001d9   Thumb Code     0  _printf_d.o(.ARM.Collect$$_printf_percent$$00000009)
    _printf_u                                0x080001df   Thumb Code     0  _printf_u.o(.ARM.Collect$$_printf_percent$$0000000A)
    _printf_o                                0x080001e5   Thumb Code     0  _printf_o.o(.ARM.Collect$$_printf_percent$$0000000B)
    _printf_x                                0x080001eb   Thumb Code     0  _printf_x.o(.ARM.Collect$$_printf_percent$$0000000C)
    _printf_lli                              0x080001f1   Thumb Code     0  _printf_lli.o(.ARM.Collect$$_printf_percent$$0000000D)
    _printf_lld                              0x080001f7   Thumb Code     0  _printf_lld.o(.ARM.Collect$$_printf_percent$$0000000E)
    _printf_llu                              0x080001fd   Thumb Code     0  _printf_llu.o(.ARM.Collect$$_printf_percent$$0000000F)
    _printf_llo                              0x08000203   Thumb Code     0  _printf_llo.o(.ARM.Collect$$_printf_percent$$00000010)
    _printf_llx                              0x08000209   Thumb Code     0  _printf_llx.o(.ARM.Collect$$_printf_percent$$00000011)
    _printf_l                                0x0800020f   Thumb Code     0  _printf_l.o(.ARM.Collect$$_printf_percent$$00000012)
    _printf_c                                0x08000219   Thumb Code     0  _printf_c.o(.ARM.Collect$$_printf_percent$$00000013)
    _printf_s                                0x0800021f   Thumb Code     0  _printf_s.o(.ARM.Collect$$_printf_percent$$00000014)
    _printf_lc                               0x08000225   Thumb Code     0  _printf_lc.o(.ARM.Collect$$_printf_percent$$00000015)
    _printf_ls                               0x0800022b   Thumb Code     0  _printf_ls.o(.ARM.Collect$$_printf_percent$$00000016)
    _printf_percent_end                      0x08000231   Thumb Code     0  _printf_percent_end.o(.ARM.Collect$$_printf_percent$$00000017)
    __rt_lib_init                            0x08000235   Thumb Code     0  libinit.o(.ARM.Collect$$libinit$$00000000)
    __rt_lib_init_fp_1                       0x08000237   Thumb Code     0  libinit2.o(.ARM.Collect$$libinit$$00000002)
    __rt_lib_init_heap_1                     0x08000237   Thumb Code     0  libinit2.o(.ARM.Collect$$libinit$$00000008)
    __rt_lib_init_lc_common                  0x08000237   Thumb Code     0  libinit2.o(.ARM.Collect$$libinit$$0000000D)
    __rt_lib_init_rand_1                     0x08000237   Thumb Code     0  libinit2.o(.ARM.Collect$$libinit$$0000000C)
    __rt_lib_init_user_alloc_1               0x08000237   Thumb Code     0  libinit2.o(.ARM.Collect$$libinit$$0000000A)
    __rt_lib_init_lc_collate_1               0x0800023d   Thumb Code     0  libinit2.o(.ARM.Collect$$libinit$$0000000F)
    __rt_lib_init_lc_ctype_2                 0x0800023d   Thumb Code     0  libinit2.o(.ARM.Collect$$libinit$$00000010)
    __rt_lib_init_lc_ctype_1                 0x08000249   Thumb Code     0  libinit2.o(.ARM.Collect$$libinit$$00000011)
    __rt_lib_init_lc_monetary_1              0x08000249   Thumb Code     0  libinit2.o(.ARM.Collect$$libinit$$00000013)
    __rt_lib_init_lc_numeric_2               0x08000249   Thumb Code     0  libinit2.o(.ARM.Collect$$libinit$$00000014)
    __rt_lib_init_alloca_1                   0x08000253   Thumb Code     0  libinit2.o(.ARM.Collect$$libinit$$0000002C)
    __rt_lib_init_argv_1                     0x08000253   Thumb Code     0  libinit2.o(.ARM.Collect$$libinit$$0000002A)
    __rt_lib_init_atexit_1                   0x08000253   Thumb Code     0  libinit2.o(.ARM.Collect$$libinit$$00000019)
    __rt_lib_init_clock_1                    0x08000253   Thumb Code     0  libinit2.o(.ARM.Collect$$libinit$$0000001F)
    __rt_lib_init_cpp_1                      0x08000253   Thumb Code     0  libinit2.o(.ARM.Collect$$libinit$$00000030)
    __rt_lib_init_exceptions_1               0x08000253   Thumb Code     0  libinit2.o(.ARM.Collect$$libinit$$0000002E)
    __rt_lib_init_fp_trap_1                  0x08000253   Thumb Code     0  libinit2.o(.ARM.Collect$$libinit$$0000001D)
    __rt_lib_init_getenv_1                   0x08000253   Thumb Code     0  libinit2.o(.ARM.Collect$$libinit$$00000021)
    __rt_lib_init_lc_numeric_1               0x08000253   Thumb Code     0  libinit2.o(.ARM.Collect$$libinit$$00000015)
    __rt_lib_init_lc_time_1                  0x08000253   Thumb Code     0  libinit2.o(.ARM.Collect$$libinit$$00000017)
    __rt_lib_init_return                     0x08000253   Thumb Code     0  libinit2.o(.ARM.Collect$$libinit$$00000031)
    __rt_lib_init_signal_1                   0x08000253   Thumb Code     0  libinit2.o(.ARM.Collect$$libinit$$0000001B)
    __rt_lib_init_stdio_1                    0x08000253   Thumb Code     0  libinit2.o(.ARM.Collect$$libinit$$00000023)
    __rt_lib_shutdown                        0x08000255   Thumb Code     0  libshutdown.o(.ARM.Collect$$libshutdown$$00000000)
    __rt_lib_shutdown_fp_trap_1              0x08000257   Thumb Code     0  libshutdown2.o(.ARM.Collect$$libshutdown$$00000006)
    __rt_lib_shutdown_heap_1                 0x08000257   Thumb Code     0  libshutdown2.o(.ARM.Collect$$libshutdown$$0000000E)
    __rt_lib_shutdown_return                 0x08000257   Thumb Code     0  libshutdown2.o(.ARM.Collect$$libshutdown$$0000000F)
    __rt_lib_shutdown_signal_1               0x08000257   Thumb Code     0  libshutdown2.o(.ARM.Collect$$libshutdown$$00000009)
    __rt_lib_shutdown_stdio_1                0x08000257   Thumb Code     0  libshutdown2.o(.ARM.Collect$$libshutdown$$00000003)
    __rt_lib_shutdown_user_alloc_1           0x08000257   Thumb Code     0  libshutdown2.o(.ARM.Collect$$libshutdown$$0000000B)
    __rt_entry                               0x08000259   Thumb Code     0  rtentry.o(.ARM.Collect$$rtentry$$00000000)
    __rt_entry_presh_1                       0x08000259   Thumb Code     0  rtentry2.o(.ARM.Collect$$rtentry$$00000002)
    __rt_entry_sh                            0x08000259   Thumb Code     0  rtentry4.o(.ARM.Collect$$rtentry$$00000004)
    __rt_entry_li                            0x0800025f   Thumb Code     0  rtentry2.o(.ARM.Collect$$rtentry$$0000000A)
    __rt_entry_postsh_1                      0x0800025f   Thumb Code     0  rtentry2.o(.ARM.Collect$$rtentry$$00000009)
    __rt_entry_main                          0x08000263   Thumb Code     0  rtentry2.o(.ARM.Collect$$rtentry$$0000000D)
    __rt_entry_postli_1                      0x08000263   Thumb Code     0  rtentry2.o(.ARM.Collect$$rtentry$$0000000C)
    __rt_exit                                0x0800026b   Thumb Code     0  rtexit.o(.ARM.Collect$$rtexit$$00000000)
    __rt_exit_ls                             0x0800026d   Thumb Code     0  rtexit2.o(.ARM.Collect$$rtexit$$00000003)
    __rt_exit_prels_1                        0x0800026d   Thumb Code     0  rtexit2.o(.ARM.Collect$$rtexit$$00000002)
    __rt_exit_exit                           0x08000271   Thumb Code     0  rtexit2.o(.ARM.Collect$$rtexit$$00000004)
    getbn                                    0x08000279   Thumb Code   118  main.o(.text)
    AlarmSelect                              0x080002ef   Thumb Code   214  main.o(.text)
    AlarmRank                                0x080003c5   Thumb Code   106  main.o(.text)
    main                                     0x0800042f   Thumb Code  7546  main.o(.text)
    NMI_Handler                              0x080021ed   Thumb Code     2  stm32f10x_it.o(.text)
    HardFault_Handler                        0x080021ef   Thumb Code     4  stm32f10x_it.o(.text)
    MemManage_Handler                        0x080021f3   Thumb Code     4  stm32f10x_it.o(.text)
    BusFault_Handler                         0x080021f7   Thumb Code     4  stm32f10x_it.o(.text)
    UsageFault_Handler                       0x080021fb   Thumb Code     4  stm32f10x_it.o(.text)
    SVC_Handler                              0x080021ff   Thumb Code     2  stm32f10x_it.o(.text)
    DebugMon_Handler                         0x08002201   Thumb Code     2  stm32f10x_it.o(.text)
    PendSV_Handler                           0x08002203   Thumb Code     2  stm32f10x_it.o(.text)
    SysTick_Handler                          0x08002205   Thumb Code     2  stm32f10x_it.o(.text)
    SystemInit                               0x080022e7   Thumb Code    78  system_stm32f10x.o(.text)
    SystemCoreClockUpdate                    0x08002335   Thumb Code   142  system_stm32f10x.o(.text)
    NVIC_PriorityGroupConfig                 0x080023e9   Thumb Code    10  misc.o(.text)
    NVIC_Init                                0x080023f3   Thumb Code   100  misc.o(.text)
    NVIC_SetVectorTable                      0x08002457   Thumb Code    14  misc.o(.text)
    NVIC_SystemLPConfig                      0x08002465   Thumb Code    34  misc.o(.text)
    SysTick_CLKSourceConfig                  0x08002487   Thumb Code    40  misc.o(.text)
    BKP_DeInit                               0x080024c5   Thumb Code    16  stm32f10x_bkp.o(.text)
    BKP_TamperPinLevelConfig                 0x080024d5   Thumb Code     6  stm32f10x_bkp.o(.text)
    BKP_TamperPinCmd                         0x080024db   Thumb Code     8  stm32f10x_bkp.o(.text)
    BKP_ITConfig                             0x080024e3   Thumb Code     8  stm32f10x_bkp.o(.text)
    BKP_RTCOutputConfig                      0x080024eb   Thumb Code    22  stm32f10x_bkp.o(.text)
    BKP_SetRTCCalibrationValue               0x08002501   Thumb Code    22  stm32f10x_bkp.o(.text)
    BKP_WriteBackupRegister                  0x08002517   Thumb Code    24  stm32f10x_bkp.o(.text)
    BKP_ReadBackupRegister                   0x0800252f   Thumb Code    26  stm32f10x_bkp.o(.text)
    BKP_GetFlagStatus                        0x08002549   Thumb Code    10  stm32f10x_bkp.o(.text)
    BKP_ClearFlag                            0x08002553   Thumb Code    18  stm32f10x_bkp.o(.text)
    BKP_GetITStatus                          0x08002565   Thumb Code    10  stm32f10x_bkp.o(.text)
    BKP_ClearITPendingBit                    0x0800256f   Thumb Code    18  stm32f10x_bkp.o(.text)
    DMA_DeInit                               0x08002589   Thumb Code   324  stm32f10x_dma.o(.text)
    DMA_Init                                 0x080026cd   Thumb Code    60  stm32f10x_dma.o(.text)
    DMA_StructInit                           0x08002709   Thumb Code    26  stm32f10x_dma.o(.text)
    DMA_Cmd                                  0x08002723   Thumb Code    24  stm32f10x_dma.o(.text)
    DMA_ITConfig                             0x0800273b   Thumb Code    18  stm32f10x_dma.o(.text)
    DMA_SetCurrDataCounter                   0x0800274d   Thumb Code     4  stm32f10x_dma.o(.text)
    DMA_GetCurrDataCounter                   0x08002751   Thumb Code     8  stm32f10x_dma.o(.text)
    DMA_GetFlagStatus                        0x08002759   Thumb Code    40  stm32f10x_dma.o(.text)
    DMA_ClearFlag                            0x08002781   Thumb Code    22  stm32f10x_dma.o(.text)
    DMA_GetITStatus                          0x08002797   Thumb Code    40  stm32f10x_dma.o(.text)
    DMA_ClearITPendingBit                    0x080027bf   Thumb Code    22  stm32f10x_dma.o(.text)
    GPIO_DeInit                              0x080027dd   Thumb Code   172  stm32f10x_gpio.o(.text)
    GPIO_AFIODeInit                          0x08002889   Thumb Code    20  stm32f10x_gpio.o(.text)
    GPIO_Init                                0x0800289d   Thumb Code   278  stm32f10x_gpio.o(.text)
    GPIO_StructInit                          0x080029b3   Thumb Code    16  stm32f10x_gpio.o(.text)
    GPIO_ReadInputDataBit                    0x080029c3   Thumb Code    18  stm32f10x_gpio.o(.text)
    GPIO_ReadInputData                       0x080029d5   Thumb Code     8  stm32f10x_gpio.o(.text)
    GPIO_ReadOutputDataBit                   0x080029dd   Thumb Code    18  stm32f10x_gpio.o(.text)
    GPIO_ReadOutputData                      0x080029ef   Thumb Code     8  stm32f10x_gpio.o(.text)
    GPIO_SetBits                             0x080029f7   Thumb Code     4  stm32f10x_gpio.o(.text)
    GPIO_ResetBits                           0x080029fb   Thumb Code     4  stm32f10x_gpio.o(.text)
    GPIO_WriteBit                            0x080029ff   Thumb Code    10  stm32f10x_gpio.o(.text)
    GPIO_Write                               0x08002a09   Thumb Code     4  stm32f10x_gpio.o(.text)
    GPIO_PinLockConfig                       0x08002a0d   Thumb Code    18  stm32f10x_gpio.o(.text)
    GPIO_EventOutputConfig                   0x08002a1f   Thumb Code    26  stm32f10x_gpio.o(.text)
    GPIO_EventOutputCmd                      0x08002a39   Thumb Code     6  stm32f10x_gpio.o(.text)
    GPIO_PinRemapConfig                      0x08002a3f   Thumb Code   138  stm32f10x_gpio.o(.text)
    GPIO_EXTILineConfig                      0x08002ac9   Thumb Code    66  stm32f10x_gpio.o(.text)
    GPIO_ETH_MediaInterfaceConfig            0x08002b0b   Thumb Code     8  stm32f10x_gpio.o(.text)
    PWR_DeInit                               0x08002b39   Thumb Code    22  stm32f10x_pwr.o(.text)
    PWR_BackupAccessCmd                      0x08002b4f   Thumb Code     6  stm32f10x_pwr.o(.text)
    PWR_PVDCmd                               0x08002b55   Thumb Code     6  stm32f10x_pwr.o(.text)
    PWR_PVDLevelConfig                       0x08002b5b   Thumb Code    18  stm32f10x_pwr.o(.text)
    PWR_WakeUpPinCmd                         0x08002b6d   Thumb Code     8  stm32f10x_pwr.o(.text)
    PWR_EnterSTOPMode                        0x08002b75   Thumb Code    54  stm32f10x_pwr.o(.text)
    PWR_EnterSTANDBYMode                     0x08002bab   Thumb Code    42  stm32f10x_pwr.o(.text)
    PWR_GetFlagStatus                        0x08002bd5   Thumb Code    20  stm32f10x_pwr.o(.text)
    PWR_ClearFlag                            0x08002be9   Thumb Code    14  stm32f10x_pwr.o(.text)
    RCC_DeInit                               0x08002c05   Thumb Code    64  stm32f10x_rcc.o(.text)
    RCC_HSEConfig                            0x08002c45   Thumb Code    70  stm32f10x_rcc.o(.text)
    RCC_GetFlagStatus                        0x08002c8b   Thumb Code    56  stm32f10x_rcc.o(.text)
    RCC_WaitForHSEStartUp                    0x08002cc3   Thumb Code    56  stm32f10x_rcc.o(.text)
    RCC_AdjustHSICalibrationValue            0x08002cfb   Thumb Code    20  stm32f10x_rcc.o(.text)
    RCC_HSICmd                               0x08002d0f   Thumb Code     6  stm32f10x_rcc.o(.text)
    RCC_PLLConfig                            0x08002d15   Thumb Code    24  stm32f10x_rcc.o(.text)
    RCC_PLLCmd                               0x08002d2d   Thumb Code     6  stm32f10x_rcc.o(.text)
    RCC_SYSCLKConfig                         0x08002d33   Thumb Code    18  stm32f10x_rcc.o(.text)
    RCC_GetSYSCLKSource                      0x08002d45   Thumb Code    10  stm32f10x_rcc.o(.text)
    RCC_HCLKConfig                           0x08002d4f   Thumb Code    18  stm32f10x_rcc.o(.text)
    RCC_PCLK1Config                          0x08002d61   Thumb Code    18  stm32f10x_rcc.o(.text)
    RCC_PCLK2Config                          0x08002d73   Thumb Code    20  stm32f10x_rcc.o(.text)
    RCC_ITConfig                             0x08002d87   Thumb Code    26  stm32f10x_rcc.o(.text)
    RCC_USBCLKConfig                         0x08002da1   Thumb Code     8  stm32f10x_rcc.o(.text)
    RCC_ADCCLKConfig                         0x08002da9   Thumb Code    18  stm32f10x_rcc.o(.text)
    RCC_LSEConfig                            0x08002dbb   Thumb Code    50  stm32f10x_rcc.o(.text)
    RCC_LSICmd                               0x08002ded   Thumb Code     6  stm32f10x_rcc.o(.text)
    RCC_RTCCLKConfig                         0x08002df3   Thumb Code    12  stm32f10x_rcc.o(.text)
    RCC_RTCCLKCmd                            0x08002dff   Thumb Code     8  stm32f10x_rcc.o(.text)
    RCC_GetClocksFreq                        0x08002e07   Thumb Code   192  stm32f10x_rcc.o(.text)
    RCC_AHBPeriphClockCmd                    0x08002ec7   Thumb Code    26  stm32f10x_rcc.o(.text)
    RCC_APB2PeriphClockCmd                   0x08002ee1   Thumb Code    26  stm32f10x_rcc.o(.text)
    RCC_APB1PeriphClockCmd                   0x08002efb   Thumb Code    26  stm32f10x_rcc.o(.text)
    RCC_APB2PeriphResetCmd                   0x08002f15   Thumb Code    26  stm32f10x_rcc.o(.text)
    RCC_APB1PeriphResetCmd                   0x08002f2f   Thumb Code    26  stm32f10x_rcc.o(.text)
    RCC_BackupResetCmd                       0x08002f49   Thumb Code     8  stm32f10x_rcc.o(.text)
    RCC_ClockSecuritySystemCmd               0x08002f51   Thumb Code     6  stm32f10x_rcc.o(.text)
    RCC_MCOConfig                            0x08002f57   Thumb Code     6  stm32f10x_rcc.o(.text)
    RCC_ClearFlag                            0x08002f5d   Thumb Code    14  stm32f10x_rcc.o(.text)
    RCC_GetITStatus                          0x08002f6b   Thumb Code    20  stm32f10x_rcc.o(.text)
    RCC_ClearITPendingBit                    0x08002f7f   Thumb Code     6  stm32f10x_rcc.o(.text)
    RTC_ITConfig                             0x08002fa9   Thumb Code    26  stm32f10x_rtc.o(.text)
    RTC_EnterConfigMode                      0x08002fc3   Thumb Code    18  stm32f10x_rtc.o(.text)
    RTC_ExitConfigMode                       0x08002fd5   Thumb Code    20  stm32f10x_rtc.o(.text)
    RTC_GetCounter                           0x08002fe9   Thumb Code    18  stm32f10x_rtc.o(.text)
    RTC_SetCounter                           0x08002ffb   Thumb Code    26  stm32f10x_rtc.o(.text)
    RTC_SetPrescaler                         0x08003015   Thumb Code    28  stm32f10x_rtc.o(.text)
    RTC_SetAlarm                             0x08003031   Thumb Code    26  stm32f10x_rtc.o(.text)
    RTC_GetAlarmCounter                      0x0800304b   Thumb Code    18  stm32f10x_rtc.o(.text)
    RTC_GetDivider                           0x0800305d   Thumb Code    22  stm32f10x_rtc.o(.text)
    RTC_WaitForLastTask                      0x08003073   Thumb Code    18  stm32f10x_rtc.o(.text)
    RTC_WaitForSynchro                       0x08003085   Thumb Code    36  stm32f10x_rtc.o(.text)
    RTC_GetFlagStatus                        0x080030a9   Thumb Code    22  stm32f10x_rtc.o(.text)
    RTC_ClearFlag                            0x080030bf   Thumb Code    16  stm32f10x_rtc.o(.text)
    RTC_GetITStatus                          0x080030cf   Thumb Code    32  stm32f10x_rtc.o(.text)
    RTC_ClearITPendingBit                    0x080030ef   Thumb Code    16  stm32f10x_rtc.o(.text)
    TIM_DeInit                               0x08003105   Thumb Code   424  stm32f10x_tim.o(.text)
    TIM_TimeBaseInit                         0x080032ad   Thumb Code   122  stm32f10x_tim.o(.text)
    TIM_OC1Init                              0x08003327   Thumb Code   132  stm32f10x_tim.o(.text)
    TIM_OC2Init                              0x080033ab   Thumb Code   154  stm32f10x_tim.o(.text)
    TIM_OC3Init                              0x08003445   Thumb Code   150  stm32f10x_tim.o(.text)
    TIM_OC4Init                              0x080034db   Thumb Code   182  stm32f10x_tim.o(.text)
    TIM_SetIC4Prescaler                      0x08003591   Thumb Code    26  stm32f10x_tim.o(.text)
    TIM_SetIC3Prescaler                      0x0800362d   Thumb Code    18  stm32f10x_tim.o(.text)
    TIM_SetIC2Prescaler                      0x080036b9   Thumb Code    26  stm32f10x_tim.o(.text)
    TIM_SetIC1Prescaler                      0x08003755   Thumb Code    18  stm32f10x_tim.o(.text)
    TIM_ICInit                               0x080037d3   Thumb Code   150  stm32f10x_tim.o(.text)
    TIM_PWMIConfig                           0x08003869   Thumb Code   124  stm32f10x_tim.o(.text)
    TIM_BDTRConfig                           0x080038e5   Thumb Code    32  stm32f10x_tim.o(.text)
    TIM_TimeBaseStructInit                   0x08003905   Thumb Code    18  stm32f10x_tim.o(.text)
    TIM_OCStructInit                         0x08003917   Thumb Code    20  stm32f10x_tim.o(.text)
    TIM_ICStructInit                         0x0800392b   Thumb Code    18  stm32f10x_tim.o(.text)
    TIM_BDTRStructInit                       0x0800393d   Thumb Code    40  stm32f10x_tim.o(.text)
    TIM_Cmd                                  0x08003965   Thumb Code    24  stm32f10x_tim.o(.text)
    TIM_CtrlPWMOutputs                       0x0800397d   Thumb Code    30  stm32f10x_tim.o(.text)
    TIM_ITConfig                             0x0800399b   Thumb Code    18  stm32f10x_tim.o(.text)
    TIM_GenerateEvent                        0x080039ad   Thumb Code     4  stm32f10x_tim.o(.text)
    TIM_DMAConfig                            0x080039b1   Thumb Code    10  stm32f10x_tim.o(.text)
    TIM_DMACmd                               0x080039bb   Thumb Code    18  stm32f10x_tim.o(.text)
    TIM_InternalClockConfig                  0x080039cd   Thumb Code    12  stm32f10x_tim.o(.text)
    TIM_SelectInputTrigger                   0x080039d9   Thumb Code    18  stm32f10x_tim.o(.text)
    TIM_ITRxExternalClockConfig              0x080039eb   Thumb Code    24  stm32f10x_tim.o(.text)
    TIM_TIxExternalClockConfig               0x08003a03   Thumb Code    62  stm32f10x_tim.o(.text)
    TIM_ETRConfig                            0x08003a41   Thumb Code    28  stm32f10x_tim.o(.text)
    TIM_ETRClockMode1Config                  0x08003a5d   Thumb Code    54  stm32f10x_tim.o(.text)
    TIM_ETRClockMode2Config                  0x08003a93   Thumb Code    32  stm32f10x_tim.o(.text)
    TIM_PrescalerConfig                      0x08003ab3   Thumb Code     6  stm32f10x_tim.o(.text)
    TIM_CounterModeConfig                    0x08003ab9   Thumb Code    18  stm32f10x_tim.o(.text)
    TIM_EncoderInterfaceConfig               0x08003acb   Thumb Code    66  stm32f10x_tim.o(.text)
    TIM_ForcedOC1Config                      0x08003b0d   Thumb Code    18  stm32f10x_tim.o(.text)
    TIM_ForcedOC2Config                      0x08003b1f   Thumb Code    26  stm32f10x_tim.o(.text)
    TIM_ForcedOC3Config                      0x08003b39   Thumb Code    18  stm32f10x_tim.o(.text)
    TIM_ForcedOC4Config                      0x08003b4b   Thumb Code    26  stm32f10x_tim.o(.text)
    TIM_ARRPreloadConfig                     0x08003b65   Thumb Code    24  stm32f10x_tim.o(.text)
    TIM_SelectCOM                            0x08003b7d   Thumb Code    24  stm32f10x_tim.o(.text)
    TIM_SelectCCDMA                          0x08003b95   Thumb Code    24  stm32f10x_tim.o(.text)
    TIM_CCPreloadControl                     0x08003bad   Thumb Code    24  stm32f10x_tim.o(.text)
    TIM_OC1PreloadConfig                     0x08003bc5   Thumb Code    18  stm32f10x_tim.o(.text)
    TIM_OC2PreloadConfig                     0x08003bd7   Thumb Code    26  stm32f10x_tim.o(.text)
    TIM_OC3PreloadConfig                     0x08003bf1   Thumb Code    18  stm32f10x_tim.o(.text)
    TIM_OC4PreloadConfig                     0x08003c03   Thumb Code    26  stm32f10x_tim.o(.text)
    TIM_OC1FastConfig                        0x08003c1d   Thumb Code    18  stm32f10x_tim.o(.text)
    TIM_OC2FastConfig                        0x08003c2f   Thumb Code    26  stm32f10x_tim.o(.text)
    TIM_OC3FastConfig                        0x08003c49   Thumb Code    18  stm32f10x_tim.o(.text)
    TIM_OC4FastConfig                        0x08003c5b   Thumb Code    26  stm32f10x_tim.o(.text)
    TIM_ClearOC1Ref                          0x08003c75   Thumb Code    18  stm32f10x_tim.o(.text)
    TIM_ClearOC2Ref                          0x08003c87   Thumb Code    24  stm32f10x_tim.o(.text)
    TIM_ClearOC3Ref                          0x08003c9f   Thumb Code    18  stm32f10x_tim.o(.text)
    TIM_ClearOC4Ref                          0x08003cb1   Thumb Code    24  stm32f10x_tim.o(.text)
    TIM_OC1PolarityConfig                    0x08003cc9   Thumb Code    18  stm32f10x_tim.o(.text)
    TIM_OC1NPolarityConfig                   0x08003cdb   Thumb Code    18  stm32f10x_tim.o(.text)
    TIM_OC2PolarityConfig                    0x08003ced   Thumb Code    26  stm32f10x_tim.o(.text)
    TIM_OC2NPolarityConfig                   0x08003d07   Thumb Code    26  stm32f10x_tim.o(.text)
    TIM_OC3PolarityConfig                    0x08003d21   Thumb Code    26  stm32f10x_tim.o(.text)
    TIM_OC3NPolarityConfig                   0x08003d3b   Thumb Code    26  stm32f10x_tim.o(.text)
    TIM_OC4PolarityConfig                    0x08003d55   Thumb Code    26  stm32f10x_tim.o(.text)
    TIM_CCxCmd                               0x08003d6f   Thumb Code    30  stm32f10x_tim.o(.text)
    TIM_CCxNCmd                              0x08003d8d   Thumb Code    30  stm32f10x_tim.o(.text)
    TIM_SelectOCxM                           0x08003dab   Thumb Code    82  stm32f10x_tim.o(.text)
    TIM_UpdateDisableConfig                  0x08003dfd   Thumb Code    24  stm32f10x_tim.o(.text)
    TIM_UpdateRequestConfig                  0x08003e15   Thumb Code    24  stm32f10x_tim.o(.text)
    TIM_SelectHallSensor                     0x08003e2d   Thumb Code    24  stm32f10x_tim.o(.text)
    TIM_SelectOnePulseMode                   0x08003e45   Thumb Code    18  stm32f10x_tim.o(.text)
    TIM_SelectOutputTrigger                  0x08003e57   Thumb Code    18  stm32f10x_tim.o(.text)
    TIM_SelectSlaveMode                      0x08003e69   Thumb Code    18  stm32f10x_tim.o(.text)
    TIM_SelectMasterSlaveMode                0x08003e7b   Thumb Code    18  stm32f10x_tim.o(.text)
    TIM_SetCounter                           0x08003e8d   Thumb Code     4  stm32f10x_tim.o(.text)
    TIM_SetAutoreload                        0x08003e91   Thumb Code     4  stm32f10x_tim.o(.text)
    TIM_SetCompare1                          0x08003e95   Thumb Code     4  stm32f10x_tim.o(.text)
    TIM_SetCompare2                          0x08003e99   Thumb Code     4  stm32f10x_tim.o(.text)
    TIM_SetCompare3                          0x08003e9d   Thumb Code     4  stm32f10x_tim.o(.text)
    TIM_SetCompare4                          0x08003ea1   Thumb Code     6  stm32f10x_tim.o(.text)
    TIM_SetClockDivision                     0x08003ea7   Thumb Code    18  stm32f10x_tim.o(.text)
    TIM_GetCapture1                          0x08003eb9   Thumb Code     6  stm32f10x_tim.o(.text)
    TIM_GetCapture2                          0x08003ebf   Thumb Code     6  stm32f10x_tim.o(.text)
    TIM_GetCapture3                          0x08003ec5   Thumb Code     6  stm32f10x_tim.o(.text)
    TIM_GetCapture4                          0x08003ecb   Thumb Code     8  stm32f10x_tim.o(.text)
    TIM_GetCounter                           0x08003ed3   Thumb Code     6  stm32f10x_tim.o(.text)
    TIM_GetPrescaler                         0x08003ed9   Thumb Code     6  stm32f10x_tim.o(.text)
    TIM_GetFlagStatus                        0x08003edf   Thumb Code    18  stm32f10x_tim.o(.text)
    TIM_ClearFlag                            0x08003ef1   Thumb Code     6  stm32f10x_tim.o(.text)
    TIM_GetITStatus                          0x08003ef7   Thumb Code    34  stm32f10x_tim.o(.text)
    TIM_ClearITPendingBit                    0x08003f19   Thumb Code     6  stm32f10x_tim.o(.text)
    USART_DeInit                             0x08003f21   Thumb Code   134  stm32f10x_usart.o(.text)
    USART_Init                               0x08003fa7   Thumb Code   210  stm32f10x_usart.o(.text)
    USART_StructInit                         0x08004079   Thumb Code    24  stm32f10x_usart.o(.text)
    USART_ClockInit                          0x08004091   Thumb Code    34  stm32f10x_usart.o(.text)
    USART_ClockStructInit                    0x080040b3   Thumb Code    12  stm32f10x_usart.o(.text)
    USART_Cmd                                0x080040bf   Thumb Code    24  stm32f10x_usart.o(.text)
    USART_ITConfig                           0x080040d7   Thumb Code    74  stm32f10x_usart.o(.text)
    USART_DMACmd                             0x08004121   Thumb Code    18  stm32f10x_usart.o(.text)
    USART_SetAddress                         0x08004133   Thumb Code    18  stm32f10x_usart.o(.text)
    USART_WakeUpConfig                       0x08004145   Thumb Code    18  stm32f10x_usart.o(.text)
    USART_ReceiverWakeUpCmd                  0x08004157   Thumb Code    24  stm32f10x_usart.o(.text)
    USART_LINBreakDetectLengthConfig         0x0800416f   Thumb Code    18  stm32f10x_usart.o(.text)
    USART_LINCmd                             0x08004181   Thumb Code    24  stm32f10x_usart.o(.text)
    USART_SendData                           0x08004199   Thumb Code     8  stm32f10x_usart.o(.text)
    USART_ReceiveData                        0x080041a1   Thumb Code    10  stm32f10x_usart.o(.text)
    USART_SendBreak                          0x080041ab   Thumb Code    10  stm32f10x_usart.o(.text)
    USART_SetGuardTime                       0x080041b5   Thumb Code    16  stm32f10x_usart.o(.text)
    USART_SetPrescaler                       0x080041c5   Thumb Code    16  stm32f10x_usart.o(.text)
    USART_SmartCardCmd                       0x080041d5   Thumb Code    24  stm32f10x_usart.o(.text)
    USART_SmartCardNACKCmd                   0x080041ed   Thumb Code    24  stm32f10x_usart.o(.text)
    USART_HalfDuplexCmd                      0x08004205   Thumb Code    24  stm32f10x_usart.o(.text)
    USART_OverSampling8Cmd                   0x0800421d   Thumb Code    22  stm32f10x_usart.o(.text)
    USART_OneBitMethodCmd                    0x08004233   Thumb Code    24  stm32f10x_usart.o(.text)
    USART_IrDAConfig                         0x0800424b   Thumb Code    18  stm32f10x_usart.o(.text)
    USART_IrDACmd                            0x0800425d   Thumb Code    24  stm32f10x_usart.o(.text)
    USART_GetFlagStatus                      0x08004275   Thumb Code    26  stm32f10x_usart.o(.text)
    USART_ClearFlag                          0x0800428f   Thumb Code    18  stm32f10x_usart.o(.text)
    USART_GetITStatus                        0x080042a1   Thumb Code    84  stm32f10x_usart.o(.text)
    USART_ClearITPendingBit                  0x080042f5   Thumb Code    52  stm32f10x_usart.o(.text)
    Reset_Handler                            0x08004329   Thumb Code     8  startup_stm32f10x_hd.o(.text)
    ADC1_2_IRQHandler                        0x08004343   Thumb Code     0  startup_stm32f10x_hd.o(.text)
    ADC3_IRQHandler                          0x08004343   Thumb Code     0  startup_stm32f10x_hd.o(.text)
    CAN1_RX1_IRQHandler                      0x08004343   Thumb Code     0  startup_stm32f10x_hd.o(.text)
    CAN1_SCE_IRQHandler                      0x08004343   Thumb Code     0  startup_stm32f10x_hd.o(.text)
    DMA1_Channel1_IRQHandler                 0x08004343   Thumb Code     0  startup_stm32f10x_hd.o(.text)
    DMA1_Channel2_IRQHandler                 0x08004343   Thumb Code     0  startup_stm32f10x_hd.o(.text)
    DMA1_Channel3_IRQHandler                 0x08004343   Thumb Code     0  startup_stm32f10x_hd.o(.text)
    DMA1_Channel4_IRQHandler                 0x08004343   Thumb Code     0  startup_stm32f10x_hd.o(.text)
    DMA1_Channel5_IRQHandler                 0x08004343   Thumb Code     0  startup_stm32f10x_hd.o(.text)
    DMA1_Channel6_IRQHandler                 0x08004343   Thumb Code     0  startup_stm32f10x_hd.o(.text)
    DMA1_Channel7_IRQHandler                 0x08004343   Thumb Code     0  startup_stm32f10x_hd.o(.text)
    DMA2_Channel1_IRQHandler                 0x08004343   Thumb Code     0  startup_stm32f10x_hd.o(.text)
    DMA2_Channel2_IRQHandler                 0x08004343   Thumb Code     0  startup_stm32f10x_hd.o(.text)
    DMA2_Channel3_IRQHandler                 0x08004343   Thumb Code     0  startup_stm32f10x_hd.o(.text)
    DMA2_Channel4_5_IRQHandler               0x08004343   Thumb Code     0  startup_stm32f10x_hd.o(.text)
    EXTI0_IRQHandler                         0x08004343   Thumb Code     0  startup_stm32f10x_hd.o(.text)
    EXTI15_10_IRQHandler                     0x08004343   Thumb Code     0  startup_stm32f10x_hd.o(.text)
    EXTI1_IRQHandler                         0x08004343   Thumb Code     0  startup_stm32f10x_hd.o(.text)
    EXTI2_IRQHandler                         0x08004343   Thumb Code     0  startup_stm32f10x_hd.o(.text)
    EXTI3_IRQHandler                         0x08004343   Thumb Code     0  startup_stm32f10x_hd.o(.text)
    EXTI4_IRQHandler                         0x08004343   Thumb Code     0  startup_stm32f10x_hd.o(.text)
    EXTI9_5_IRQHandler                       0x08004343   Thumb Code     0  startup_stm32f10x_hd.o(.text)
    FLASH_IRQHandler                         0x08004343   Thumb Code     0  startup_stm32f10x_hd.o(.text)
    FSMC_IRQHandler                          0x08004343   Thumb Code     0  startup_stm32f10x_hd.o(.text)
    I2C1_ER_IRQHandler                       0x08004343   Thumb Code     0  startup_stm32f10x_hd.o(.text)
    I2C1_EV_IRQHandler                       0x08004343   Thumb Code     0  startup_stm32f10x_hd.o(.text)
    I2C2_ER_IRQHandler                       0x08004343   Thumb Code     0  startup_stm32f10x_hd.o(.text)
    I2C2_EV_IRQHandler                       0x08004343   Thumb Code     0  startup_stm32f10x_hd.o(.text)
    PVD_IRQHandler                           0x08004343   Thumb Code     0  startup_stm32f10x_hd.o(.text)
    RCC_IRQHandler                           0x08004343   Thumb Code     0  startup_stm32f10x_hd.o(.text)
    RTCAlarm_IRQHandler                      0x08004343   Thumb Code     0  startup_stm32f10x_hd.o(.text)
    SDIO_IRQHandler                          0x08004343   Thumb Code     0  startup_stm32f10x_hd.o(.text)
    SPI1_IRQHandler                          0x08004343   Thumb Code     0  startup_stm32f10x_hd.o(.text)
    SPI2_IRQHandler                          0x08004343   Thumb Code     0  startup_stm32f10x_hd.o(.text)
    SPI3_IRQHandler                          0x08004343   Thumb Code     0  startup_stm32f10x_hd.o(.text)
    TAMPER_IRQHandler                        0x08004343   Thumb Code     0  startup_stm32f10x_hd.o(.text)
    TIM1_BRK_IRQHandler                      0x08004343   Thumb Code     0  startup_stm32f10x_hd.o(.text)
    TIM1_CC_IRQHandler                       0x08004343   Thumb Code     0  startup_stm32f10x_hd.o(.text)
    TIM1_TRG_COM_IRQHandler                  0x08004343   Thumb Code     0  startup_stm32f10x_hd.o(.text)
    TIM1_UP_IRQHandler                       0x08004343   Thumb Code     0  startup_stm32f10x_hd.o(.text)
    TIM2_IRQHandler                          0x08004343   Thumb Code     0  startup_stm32f10x_hd.o(.text)
    TIM5_IRQHandler                          0x08004343   Thumb Code     0  startup_stm32f10x_hd.o(.text)
    TIM6_IRQHandler                          0x08004343   Thumb Code     0  startup_stm32f10x_hd.o(.text)
    TIM8_BRK_IRQHandler                      0x08004343   Thumb Code     0  startup_stm32f10x_hd.o(.text)
    TIM8_CC_IRQHandler                       0x08004343   Thumb Code     0  startup_stm32f10x_hd.o(.text)
    TIM8_TRG_COM_IRQHandler                  0x08004343   Thumb Code     0  startup_stm32f10x_hd.o(.text)
    TIM8_UP_IRQHandler                       0x08004343   Thumb Code     0  startup_stm32f10x_hd.o(.text)
    UART5_IRQHandler                         0x08004343   Thumb Code     0  startup_stm32f10x_hd.o(.text)
    USBWakeUp_IRQHandler                     0x08004343   Thumb Code     0  startup_stm32f10x_hd.o(.text)
    USB_HP_CAN1_TX_IRQHandler                0x08004343   Thumb Code     0  startup_stm32f10x_hd.o(.text)
    USB_LP_CAN1_RX0_IRQHandler               0x08004343   Thumb Code     0  startup_stm32f10x_hd.o(.text)
    WWDG_IRQHandler                          0x08004343   Thumb Code     0  startup_stm32f10x_hd.o(.text)
    __user_initial_stackheap                 0x08004345   Thumb Code     0  startup_stm32f10x_hd.o(.text)
    delay_init                               0x08004369   Thumb Code    50  delay.o(.text)
    delay_us                                 0x0800439b   Thumb Code    72  delay.o(.text)
    delay_ms                                 0x080043e3   Thumb Code    72  delay.o(.text)
    NVIC_Configuration                       0x0800443d   Thumb Code    12  sys.o(.text)
    _sys_exit                                0x08004449   Thumb Code     6  usart.o(.text)
    fputc                                    0x0800444f   Thumb Code    24  usart.o(.text)
    uart_init                                0x08004467   Thumb Code   158  usart.o(.text)
    recvchar                                 0x08004505   Thumb Code   156  usart.o(.text)
    USART1_Receive                           0x080045a1   Thumb Code    32  usart.o(.text)
    USART1_IRQHandler                        0x080045c1   Thumb Code   134  usart.o(.text)
    LED_Init                                 0x08004675   Thumb Code   138  led.o(.text)
    SendGPU_data                             0x08004709   Thumb Code    44  usartgpu.o(.text)
    usartgpu_init                            0x08004735   Thumb Code    26  usartgpu.o(.text)
    RTC_Get_Week                             0x08004789   Thumb Code   116  rtc.o(.text)
    Is_Leap_Year                             0x080047fd   Thumb Code    58  rtc.o(.text)
    RTC_Get                                  0x08004837   Thumb Code   240  rtc.o(.text)
    RTC_Set                                  0x08004927   Thumb Code   188  rtc.o(.text)
    RTC_Init                                 0x080049e3   Thumb Code   204  rtc.o(.text)
    RTC_timechange                           0x08004aaf   Thumb Code   176  rtc.o(.text)
    RTC_GetAlarm                             0x08004b5f   Thumb Code   262  rtc.o(.text)
    RTC_Alarm_Set                            0x08004c65   Thumb Code   196  rtc.o(.text)
    RTC_IRQHandler                           0x08004d29   Thumb Code   172  rtc.o(.text)
    Drug_init                                0x08004e15   Thumb Code    26  drugchoose.o(.text)
    cleardrug                                0x08004e2f   Thumb Code   292  drugchoose.o(.text)
    getnonzero                               0x08004f53   Thumb Code    76  drugchoose.o(.text)
    HC05_Send                                0x08004fb1   Thumb Code    12  hc05.o(.text)
    HC05_TimingSend                          0x08004fbd   Thumb Code    26  hc05.o(.text)
    HC05_TimingOn                            0x08004fd7   Thumb Code     8  hc05.o(.text)
    HC05_TimingOff                           0x08004fdf   Thumb Code     8  hc05.o(.text)
    HC05_GetStr                              0x08004fe7   Thumb Code    54  hc05.o(.text)
    TIM3_Int_Init                            0x08005035   Thumb Code    90  timer.o(.text)
    TIM3_IRQHandler                          0x0800508f   Thumb Code   170  timer.o(.text)
    TIM4_Set                                 0x0800515d   Thumb Code    34  usart2.o(.text)
    USART2_IRQHandler                        0x0800517f   Thumb Code    82  usart2.o(.text)
    TIM4_Init                                0x080051d1   Thumb Code    82  usart2.o(.text)
    UART_DMA_Config                          0x08005223   Thumb Code    72  usart2.o(.text)
    USART2_Init                              0x0800526b   Thumb Code   204  usart2.o(.text)
    UART_DMA_Enable                          0x08005337   Thumb Code    32  usart2.o(.text)
    u2_printf                                0x08005357   Thumb Code    56  usart2.o(.text)
    TIM4_IRQHandler                          0x0800538f   Thumb Code    40  usart2.o(.text)
    voice_sy                                 0x080053d5   Thumb Code   114  xfs5152ce.o(.text)
    voice_sy1                                0x08005447   Thumb Code   132  xfs5152ce.o(.text)
    uart4_init                               0x080054f5   Thumb Code   158  uart4.o(.text)
    UART4_IRQHandler                         0x08005593   Thumb Code    44  uart4.o(.text)
    USART3_IRQHandler                        0x080055cd   Thumb Code    94  usart3.o(.text)
    TIM7_Int_Init                            0x0800562b   Thumb Code    90  usart3.o(.text)
    usart3_init                              0x08005685   Thumb Code   190  usart3.o(.text)
    u3_printf                                0x08005743   Thumb Code    72  usart3.o(.text)
    TIM7_IRQHandler                          0x0800578b   Thumb Code    42  usart3.o(.text)
    sim900a_check_cmd                        0x080057cd   Thumb Code    44  sim900.o(.text)
    sim900a_send_cmd                         0x080057f9   Thumb Code   110  sim900.o(.text)
    sim900a_chr2hex                          0x08005867   Thumb Code    54  sim900.o(.text)
    sim900a_hex2chr                          0x0800589d   Thumb Code    34  sim900.o(.text)
    sim900a_unigbk_exchange                  0x080058bf   Thumb Code    56  sim900.o(.text)
    sim900a_send_text                        0x080058f7   Thumb Code   156  sim900.o(.text)
    sim900a_init                             0x08005993   Thumb Code    38  sim900.o(.text)
    __use_no_semihosting                     0x08005a61   Thumb Code     2  use_no_semi_2.o(.text)
    __c89vsprintf                            0x08005a65   Thumb Code    32  c89vsprintf.o(.text)
    __2printf                                0x08005a89   Thumb Code    20  __2printf.o(.text)
    __2sprintf                               0x08005aa1   Thumb Code    38  __2sprintf.o(.text)
    _printf_str                              0x08005acd   Thumb Code    82  _printf_str.o(.text)
    _printf_int_dec                          0x08005b21   Thumb Code   100  _printf_dec.o(.text)
    __printf                                 0x08005b95   Thumb Code   388  __printf_flags_ss_wp.o(.text)
    strstr                                   0x08005d1d   Thumb Code    36  strstr.o(.text)
    memcmp                                   0x08005d41   Thumb Code    88  memcmp.o(.text)
    strlen                                   0x08005d99   Thumb Code    62  strlen.o(.text)
    __aeabi_memcpy                           0x08005dd7   Thumb Code     0  rt_memcpy_v6.o(.text)
    __rt_memcpy                              0x08005dd7   Thumb Code   138  rt_memcpy_v6.o(.text)
    _memcpy_lastbytes                        0x08005e3d   Thumb Code     0  rt_memcpy_v6.o(.text)
    __aeabi_memcpy4                          0x08005e61   Thumb Code     0  rt_memcpy_w.o(.text)
    __aeabi_memcpy8                          0x08005e61   Thumb Code     0  rt_memcpy_w.o(.text)
    __rt_memcpy_w                            0x08005e61   Thumb Code   100  rt_memcpy_w.o(.text)
    _memcpy_lastbytes_aligned                0x08005ea9   Thumb Code     0  rt_memcpy_w.o(.text)
    __aeabi_memclr4                          0x08005ec5   Thumb Code     0  rt_memclr_w.o(.text)
    __aeabi_memclr8                          0x08005ec5   Thumb Code     0  rt_memclr_w.o(.text)
    __rt_memclr_w                            0x08005ec5   Thumb Code    78  rt_memclr_w.o(.text)
    _memset_w                                0x08005ec9   Thumb Code     0  rt_memclr_w.o(.text)
    strcmp                                   0x08005f15   Thumb Code   128  strcmpv7m.o(.text)
    __use_two_region_memory                  0x08005f95   Thumb Code     2  heapauxi.o(.text)
    __rt_heap_escrow$2region                 0x08005f97   Thumb Code     2  heapauxi.o(.text)
    __rt_heap_expand$2region                 0x08005f99   Thumb Code     2  heapauxi.o(.text)
    __I$use$semihosting                      0x08005f9b   Thumb Code     0  use_no_semi.o(.text)
    __use_no_semihosting_swi                 0x08005f9b   Thumb Code     2  use_no_semi.o(.text)
    _printf_pre_padding                      0x08005f9d   Thumb Code    44  _printf_pad.o(.text)
    _printf_post_padding                     0x08005fc9   Thumb Code    34  _printf_pad.o(.text)
    _printf_truncate_signed                  0x08005feb   Thumb Code    18  _printf_truncate.o(.text)
    _printf_truncate_unsigned                0x08005ffd   Thumb Code    18  _printf_truncate.o(.text)
    _printf_int_common                       0x0800600f   Thumb Code   178  _printf_intcommon.o(.text)
    _printf_charcount                        0x080060c1   Thumb Code    40  _printf_charcount.o(.text)
    _printf_char_common                      0x080060f3   Thumb Code    32  _printf_char_common.o(.text)
    _sputc                                   0x08006119   Thumb Code    10  _sputc.o(.text)
    _printf_cs_common                        0x08006123   Thumb Code    20  _printf_char.o(.text)
    _printf_char                             0x08006137   Thumb Code    16  _printf_char.o(.text)
    _printf_string                           0x08006147   Thumb Code     8  _printf_char.o(.text)
    _printf_char_file                        0x08006151   Thumb Code    32  _printf_char_file.o(.text)
    _printf_wctomb                           0x08006175   Thumb Code   182  _printf_wctomb.o(.text)
    _printf_longlong_dec                     0x08006231   Thumb Code   104  _printf_longlong_dec.o(.text)
    _printf_longlong_oct                     0x080062a9   Thumb Code    68  _printf_oct_int_ll.o(.text)
    _printf_int_oct                          0x080062ed   Thumb Code    24  _printf_oct_int_ll.o(.text)
    _printf_ll_oct                           0x08006305   Thumb Code    12  _printf_oct_int_ll.o(.text)
    _printf_longlong_hex                     0x08006319   Thumb Code    86  _printf_hex_int_ll_ptr.o(.text)
    _printf_int_hex                          0x0800636f   Thumb Code    28  _printf_hex_int_ll_ptr.o(.text)
    _printf_ll_hex                           0x0800638b   Thumb Code    12  _printf_hex_int_ll_ptr.o(.text)
    _printf_hex_ptr                          0x08006397   Thumb Code    18  _printf_hex_int_ll_ptr.o(.text)
    _ll_udiv10                               0x080063ad   Thumb Code   138  lludiv10.o(.text)
    __lib_sel_fp_printf                      0x08006437   Thumb Code     2  _printf_fp_dec.o(.text)
    _printf_fp_dec_real                      0x080065e5   Thumb Code   616  _printf_fp_dec.o(.text)
    _printf_lcs_common                       0x0800684d   Thumb Code    20  _printf_wchar.o(.text)
    _printf_wchar                            0x08006861   Thumb Code    16  _printf_wchar.o(.text)
    _printf_wstring                          0x08006871   Thumb Code     8  _printf_wchar.o(.text)
    ferror                                   0x08006879   Thumb Code     8  ferror.o(.text)
    _wcrtomb                                 0x08006881   Thumb Code    64  _wcrtomb.o(.text)
    __user_setup_stackheap                   0x080068c1   Thumb Code    74  sys_stackheap_outer.o(.text)
    __rt_ctype_table                         0x0800690d   Thumb Code    16  rt_ctype_table.o(.text)
    __rt_locale                              0x0800691d   Thumb Code     8  rt_locale_intlibspace.o(.text)
    _printf_fp_infnan                        0x08006925   Thumb Code   112  _printf_fp_infnan.o(.text)
    _btod_etento                             0x080069a5   Thumb Code   212  bigflt0.o(.text)
    exit                                     0x08006a7d   Thumb Code    12  exit.o(.text)
    __user_libspace                          0x08006a89   Thumb Code     8  libspace.o(.text)
    __user_perproc_libspace                  0x08006a89   Thumb Code     0  libspace.o(.text)
    __user_perthread_libspace                0x08006a89   Thumb Code     0  libspace.o(.text)
    _btod_d2e                                0x08006a91   Thumb Code    62  btod.o(CL$$btod_d2e)
    _d2e_denorm_low                          0x08006acf   Thumb Code    70  btod.o(CL$$btod_d2e_denorm_low)
    _d2e_norm_op1                            0x08006b15   Thumb Code    96  btod.o(CL$$btod_d2e_norm_op1)
    __btod_div_common                        0x08006b75   Thumb Code   696  btod.o(CL$$btod_div_common)
    _e2e                                     0x08006ead   Thumb Code   198  btod.o(CL$$btod_e2e)
    _btod_ediv                               0x08006f73   Thumb Code    40  btod.o(CL$$btod_ediv)
    _btod_emul                               0x08006f9b   Thumb Code    40  btod.o(CL$$btod_emul)
    __btod_mult_common                       0x08006fc3   Thumb Code   580  btod.o(CL$$btod_mult_common)
    __ARM_fpclassify                         0x08007207   Thumb Code    40  fpclassify.o(i.__ARM_fpclassify)
    _is_digit                                0x0800722f   Thumb Code    14  __printf_wp.o(i._is_digit)
    _get_lc_numeric                          0x0800723d   Thumb Code    44  lc_numeric_c.o(locale$$code)
    _get_lc_ctype                            0x08007269   Thumb Code    44  lc_ctype_c.o(locale$$code)
    _printf_fp_dec                           0x08007295   Thumb Code     4  printf1.o(x$fpl$printf1)
    __I$use$fp                               0x08007298   Number         0  usenofp.o(x$fpl$usenofp)
    table_week                               0x08007298   Data          12  rtc.o(.constdata)
    mon_table                                0x080072a4   Data          12  rtc.o(.constdata)
    Region$$Table$$Base                      0x08007de0   Number         0  anon$$obj.o(Region$$Table)
    Region$$Table$$Limit                     0x08007e00   Number         0  anon$$obj.o(Region$$Table)
    __ctype                                  0x08007e29   Data           0  lc_ctype_c.o(locale$$data)
    AlmGetHour                               0x20000000   Data           3  main.o(.data)
    AlmGetMin                                0x20000003   Data           3  main.o(.data)
    AlmHour                                  0x20000006   Data           3  main.o(.data)
    AlmMin                                   0x20000009   Data           3  main.o(.data)
    nnday                                    0x2000000c   Data           1  main.o(.data)
    nnhour                                   0x2000000d   Data           1  main.o(.data)
    nnmin                                    0x2000000e   Data           1  main.o(.data)
    qsmhour                                  0x2000000f   Data           1  main.o(.data)
    qsmmin                                   0x20000010   Data           1  main.o(.data)
    alarmstate                               0x20000011   Data           1  main.o(.data)
    cmd                                      0x20000012   Data           8  main.o(.data)
    cjs                                      0x2000001a   Data           1  main.o(.data)
    iscmd                                    0x2000001b   Data           1  main.o(.data)
    iscmdok                                  0x2000001c   Data           1  main.o(.data)
    kjs                                      0x2000001d   Data           1  main.o(.data)
    kcmd                                     0x2000001e   Data           1  main.o(.data)
    n                                        0x2000001f   Data           1  main.o(.data)
    timestate                                0x20000020   Data           1  main.o(.data)
    inputstate                               0x20000021   Data           1  main.o(.data)
    voicebegin                               0x20000022   Data           1  main.o(.data)
    voicecount                               0x20000023   Data           1  main.o(.data)
    SystemCoreClock                          0x20000024   Data           4  system_stm32f10x.o(.data)
    AHBPrescTable                            0x20000028   Data          16  system_stm32f10x.o(.data)
    __stdout                                 0x20000050   Data           4  usart.o(.data)
    USART_RX_STA                             0x20000054   Data           2  usart.o(.data)
    drug_t1                                  0x2000005a   Data           8  drugchoose.o(.data)
    drug_t2                                  0x20000062   Data           8  drugchoose.o(.data)
    drug_t3                                  0x2000006a   Data           8  drugchoose.o(.data)
    drug_t                                   0x20000072   Data           8  drugchoose.o(.data)
    flagsendon                               0x2000007a   Data           1  hc05.o(.data)
    flageat                                  0x2000007b   Data           1  hc05.o(.data)
    flagkeyoff                               0x2000007c   Data           1  hc05.o(.data)
    reclen                                   0x2000007d   Data           1  hc05.o(.data)
    USART2_RX_STA                            0x20000082   Data           2  usart2.o(.data)
    UART4_RX_STA                             0x20000084   Data           2  uart4.o(.data)
    USART3_RX_STA                            0x20000086   Data           2  usart3.o(.data)
    kbuf                                     0x20000088   Data          16  main.o(.bss)
    phonenum                                 0x20000098   Data          16  main.o(.bss)
    USART_RX_BUF                             0x200000a8   Data         200  usart.o(.bss)
    calendar                                 0x20000170   Data          10  rtc.o(.bss)
    alarm                                    0x2000017a   Data          10  rtc.o(.bss)
    USART2_TX_BUF                            0x20000188   Data         200  usart2.o(.bss)
    USART2_RX_BUF                            0x20000250   Data         200  usart2.o(.bss)
    USART3_RX_BUF                            0x20000318   Data         600  usart3.o(.bss)
    USART3_TX_BUF                            0x20000570   Data         600  usart3.o(.bss)
    __libspace_start                         0x200007c8   Data          96  libspace.o(.bss)
    __temporary_stack_top$libspace           0x20000828   Data           0  libspace.o(.bss)



==============================================================================

Memory Map of the image

  Image Entry point : 0x08000131

  Load Region LR_IROM1 (Base: 0x08000000, Size: 0x00007fb4, Max: 0x00080000, ABSOLUTE)

    Execution Region ER_IROM1 (Base: 0x08000000, Size: 0x00007f2c, Max: 0x00080000, ABSOLUTE)

    Base Addr    Size         Type   Attr      Idx    E Section Name        Object

    0x08000000   0x00000130   Data   RO          592    RESET               startup_stm32f10x_hd.o
    0x08000130   0x00000008   Code   RO         1026  * !!!main             c_w.l(__main.o)
    0x08000138   0x00000034   Code   RO         1307    !!!scatter          c_w.l(__scatter.o)
    0x0800016c   0x0000001a   Code   RO         1309    !!handler_copy      c_w.l(__scatter_copy.o)
    0x08000186   0x00000002   PAD
    0x08000188   0x0000001c   Code   RO         1311    !!handler_zi        c_w.l(__scatter_zi.o)
    0x080001a4   0x00000000   Code   RO         1009    .ARM.Collect$$_printf_percent$$00000000  c_w.l(_printf_percent.o)
    0x080001a4   0x00000006   Code   RO         1079    .ARM.Collect$$_printf_percent$$00000001  c_w.l(_printf_n.o)
    0x080001aa   0x00000006   Code   RO         1081    .ARM.Collect$$_printf_percent$$00000002  c_w.l(_printf_p.o)
    0x080001b0   0x00000006   Code   RO         1085    .ARM.Collect$$_printf_percent$$00000003  c_w.l(_printf_f.o)
    0x080001b6   0x00000006   Code   RO         1086    .ARM.Collect$$_printf_percent$$00000004  c_w.l(_printf_e.o)
    0x080001bc   0x00000006   Code   RO         1087    .ARM.Collect$$_printf_percent$$00000005  c_w.l(_printf_g.o)
    0x080001c2   0x00000006   Code   RO         1088    .ARM.Collect$$_printf_percent$$00000006  c_w.l(_printf_a.o)
    0x080001c8   0x0000000a   Code   RO         1093    .ARM.Collect$$_printf_percent$$00000007  c_w.l(_printf_ll.o)
    0x080001d2   0x00000006   Code   RO         1083    .ARM.Collect$$_printf_percent$$00000008  c_w.l(_printf_i.o)
    0x080001d8   0x00000006   Code   RO         1008    .ARM.Collect$$_printf_percent$$00000009  c_w.l(_printf_d.o)
    0x080001de   0x00000006   Code   RO         1084    .ARM.Collect$$_printf_percent$$0000000A  c_w.l(_printf_u.o)
    0x080001e4   0x00000006   Code   RO         1082    .ARM.Collect$$_printf_percent$$0000000B  c_w.l(_printf_o.o)
    0x080001ea   0x00000006   Code   RO         1080    .ARM.Collect$$_printf_percent$$0000000C  c_w.l(_printf_x.o)
    0x080001f0   0x00000006   Code   RO         1090    .ARM.Collect$$_printf_percent$$0000000D  c_w.l(_printf_lli.o)
    0x080001f6   0x00000006   Code   RO         1091    .ARM.Collect$$_printf_percent$$0000000E  c_w.l(_printf_lld.o)
    0x080001fc   0x00000006   Code   RO         1092    .ARM.Collect$$_printf_percent$$0000000F  c_w.l(_printf_llu.o)
    0x08000202   0x00000006   Code   RO         1097    .ARM.Collect$$_printf_percent$$00000010  c_w.l(_printf_llo.o)
    0x08000208   0x00000006   Code   RO         1098    .ARM.Collect$$_printf_percent$$00000011  c_w.l(_printf_llx.o)
    0x0800020e   0x0000000a   Code   RO         1094    .ARM.Collect$$_printf_percent$$00000012  c_w.l(_printf_l.o)
    0x08000218   0x00000006   Code   RO         1006    .ARM.Collect$$_printf_percent$$00000013  c_w.l(_printf_c.o)
    0x0800021e   0x00000006   Code   RO         1007    .ARM.Collect$$_printf_percent$$00000014  c_w.l(_printf_s.o)
    0x08000224   0x00000006   Code   RO         1095    .ARM.Collect$$_printf_percent$$00000015  c_w.l(_printf_lc.o)
    0x0800022a   0x00000006   Code   RO         1096    .ARM.Collect$$_printf_percent$$00000016  c_w.l(_printf_ls.o)
    0x08000230   0x00000004   Code   RO         1089    .ARM.Collect$$_printf_percent$$00000017  c_w.l(_printf_percent_end.o)
    0x08000234   0x00000002   Code   RO         1176    .ARM.Collect$$libinit$$00000000  c_w.l(libinit.o)
    0x08000236   0x00000000   Code   RO         1191    .ARM.Collect$$libinit$$00000002  c_w.l(libinit2.o)
    0x08000236   0x00000000   Code   RO         1194    .ARM.Collect$$libinit$$00000008  c_w.l(libinit2.o)
    0x08000236   0x00000000   Code   RO         1196    .ARM.Collect$$libinit$$0000000A  c_w.l(libinit2.o)
    0x08000236   0x00000000   Code   RO         1198    .ARM.Collect$$libinit$$0000000C  c_w.l(libinit2.o)
    0x08000236   0x00000006   Code   RO         1199    .ARM.Collect$$libinit$$0000000D  c_w.l(libinit2.o)
    0x0800023c   0x00000000   Code   RO         1201    .ARM.Collect$$libinit$$0000000F  c_w.l(libinit2.o)
    0x0800023c   0x0000000c   Code   RO         1202    .ARM.Collect$$libinit$$00000010  c_w.l(libinit2.o)
    0x08000248   0x00000000   Code   RO         1203    .ARM.Collect$$libinit$$00000011  c_w.l(libinit2.o)
    0x08000248   0x00000000   Code   RO         1205    .ARM.Collect$$libinit$$00000013  c_w.l(libinit2.o)
    0x08000248   0x0000000a   Code   RO         1206    .ARM.Collect$$libinit$$00000014  c_w.l(libinit2.o)
    0x08000252   0x00000000   Code   RO         1207    .ARM.Collect$$libinit$$00000015  c_w.l(libinit2.o)
    0x08000252   0x00000000   Code   RO         1209    .ARM.Collect$$libinit$$00000017  c_w.l(libinit2.o)
    0x08000252   0x00000000   Code   RO         1211    .ARM.Collect$$libinit$$00000019  c_w.l(libinit2.o)
    0x08000252   0x00000000   Code   RO         1213    .ARM.Collect$$libinit$$0000001B  c_w.l(libinit2.o)
    0x08000252   0x00000000   Code   RO         1215    .ARM.Collect$$libinit$$0000001D  c_w.l(libinit2.o)
    0x08000252   0x00000000   Code   RO         1217    .ARM.Collect$$libinit$$0000001F  c_w.l(libinit2.o)
    0x08000252   0x00000000   Code   RO         1219    .ARM.Collect$$libinit$$00000021  c_w.l(libinit2.o)
    0x08000252   0x00000000   Code   RO         1221    .ARM.Collect$$libinit$$00000023  c_w.l(libinit2.o)
    0x08000252   0x00000000   Code   RO         1225    .ARM.Collect$$libinit$$0000002A  c_w.l(libinit2.o)
    0x08000252   0x00000000   Code   RO         1227    .ARM.Collect$$libinit$$0000002C  c_w.l(libinit2.o)
    0x08000252   0x00000000   Code   RO         1229    .ARM.Collect$$libinit$$0000002E  c_w.l(libinit2.o)
    0x08000252   0x00000000   Code   RO         1231    .ARM.Collect$$libinit$$00000030  c_w.l(libinit2.o)
    0x08000252   0x00000002   Code   RO         1232    .ARM.Collect$$libinit$$00000031  c_w.l(libinit2.o)
    0x08000254   0x00000002   Code   RO         1250    .ARM.Collect$$libshutdown$$00000000  c_w.l(libshutdown.o)
    0x08000256   0x00000000   Code   RO         1261    .ARM.Collect$$libshutdown$$00000003  c_w.l(libshutdown2.o)
    0x08000256   0x00000000   Code   RO         1264    .ARM.Collect$$libshutdown$$00000006  c_w.l(libshutdown2.o)
    0x08000256   0x00000000   Code   RO         1267    .ARM.Collect$$libshutdown$$00000009  c_w.l(libshutdown2.o)
    0x08000256   0x00000000   Code   RO         1269    .ARM.Collect$$libshutdown$$0000000B  c_w.l(libshutdown2.o)
    0x08000256   0x00000000   Code   RO         1272    .ARM.Collect$$libshutdown$$0000000E  c_w.l(libshutdown2.o)
    0x08000256   0x00000002   Code   RO         1273    .ARM.Collect$$libshutdown$$0000000F  c_w.l(libshutdown2.o)
    0x08000258   0x00000000   Code   RO         1030    .ARM.Collect$$rtentry$$00000000  c_w.l(rtentry.o)
    0x08000258   0x00000000   Code   RO         1102    .ARM.Collect$$rtentry$$00000002  c_w.l(rtentry2.o)
    0x08000258   0x00000006   Code   RO         1114    .ARM.Collect$$rtentry$$00000004  c_w.l(rtentry4.o)
    0x0800025e   0x00000000   Code   RO         1104    .ARM.Collect$$rtentry$$00000009  c_w.l(rtentry2.o)
    0x0800025e   0x00000004   Code   RO         1105    .ARM.Collect$$rtentry$$0000000A  c_w.l(rtentry2.o)
    0x08000262   0x00000000   Code   RO         1107    .ARM.Collect$$rtentry$$0000000C  c_w.l(rtentry2.o)
    0x08000262   0x00000008   Code   RO         1108    .ARM.Collect$$rtentry$$0000000D  c_w.l(rtentry2.o)
    0x0800026a   0x00000002   Code   RO         1185    .ARM.Collect$$rtexit$$00000000  c_w.l(rtexit.o)
    0x0800026c   0x00000000   Code   RO         1234    .ARM.Collect$$rtexit$$00000002  c_w.l(rtexit2.o)
    0x0800026c   0x00000004   Code   RO         1235    .ARM.Collect$$rtexit$$00000003  c_w.l(rtexit2.o)
    0x08000270   0x00000006   Code   RO         1236    .ARM.Collect$$rtexit$$00000004  c_w.l(rtexit2.o)
    0x08000276   0x00000002   PAD
    0x08000278   0x00001f74   Code   RO            1    .text               main.o
    0x080021ec   0x0000001a   Code   RO          159    .text               stm32f10x_it.o
    0x08002206   0x00000002   PAD
    0x08002208   0x000001e0   Code   RO          257    .text               system_stm32f10x.o
    0x080023e8   0x000000dc   Code   RO          275    .text               misc.o
    0x080024c4   0x000000c4   Code   RO          325    .text               stm32f10x_bkp.o
    0x08002588   0x00000254   Code   RO          397    .text               stm32f10x_dma.o
    0x080027dc   0x0000035c   Code   RO          445    .text               stm32f10x_gpio.o
    0x08002b38   0x000000cc   Code   RO          481    .text               stm32f10x_pwr.o
    0x08002c04   0x000003a4   Code   RO          493    .text               stm32f10x_rcc.o
    0x08002fa8   0x0000015c   Code   RO          507    .text               stm32f10x_rtc.o
    0x08003104   0x00000e1a   Code   RO          543    .text               stm32f10x_tim.o
    0x08003f1e   0x00000002   PAD
    0x08003f20   0x00000408   Code   RO          555    .text               stm32f10x_usart.o
    0x08004328   0x00000040   Code   RO          593    .text               startup_stm32f10x_hd.o
    0x08004368   0x000000d4   Code   RO          597    .text               delay.o
    0x0800443c   0x0000000c   Code   RO          617    .text               sys.o
    0x08004448   0x0000022c   Code   RO          629    .text               usart.o
    0x08004674   0x00000094   Code   RO          656    .text               led.o
    0x08004708   0x00000060   Code   RO          671    .text               usartgpu.o
    0x08004768   0x000006ac   Code   RO          691    .text               rtc.o
    0x08004e14   0x0000019c   Code   RO          717    .text               drugchoose.o
    0x08004fb0   0x00000084   Code   RO          735    .text               hc05.o
    0x08005034   0x00000128   Code   RO          758    .text               timer.o
    0x0800515c   0x00000278   Code   RO          864    .text               usart2.o
    0x080053d4   0x00000120   Code   RO          890    .text               xfs5152ce.o
    0x080054f4   0x000000d8   Code   RO          919    .text               uart4.o
    0x080055cc   0x00000200   Code   RO          935    .text               usart3.o
    0x080057cc   0x00000294   Code   RO          954    .text               sim900.o
    0x08005a60   0x00000002   Code   RO          968    .text               c_w.l(use_no_semi_2.o)
    0x08005a62   0x00000002   PAD
    0x08005a64   0x00000024   Code   RO          970    .text               c_w.l(c89vsprintf.o)
    0x08005a88   0x00000018   Code   RO          972    .text               c_w.l(__2printf.o)
    0x08005aa0   0x0000002c   Code   RO          974    .text               c_w.l(__2sprintf.o)
    0x08005acc   0x00000052   Code   RO          982    .text               c_w.l(_printf_str.o)
    0x08005b1e   0x00000002   PAD
    0x08005b20   0x00000074   Code   RO          984    .text               c_w.l(_printf_dec.o)
    0x08005b94   0x00000188   Code   RO         1003    .text               c_w.l(__printf_flags_ss_wp.o)
    0x08005d1c   0x00000024   Code   RO         1010    .text               c_w.l(strstr.o)
    0x08005d40   0x00000058   Code   RO         1012    .text               c_w.l(memcmp.o)
    0x08005d98   0x0000003e   Code   RO         1014    .text               c_w.l(strlen.o)
    0x08005dd6   0x0000008a   Code   RO         1016    .text               c_w.l(rt_memcpy_v6.o)
    0x08005e60   0x00000064   Code   RO         1018    .text               c_w.l(rt_memcpy_w.o)
    0x08005ec4   0x0000004e   Code   RO         1020    .text               c_w.l(rt_memclr_w.o)
    0x08005f12   0x00000002   PAD
    0x08005f14   0x00000080   Code   RO         1022    .text               c_w.l(strcmpv7m.o)
    0x08005f94   0x00000006   Code   RO         1024    .text               c_w.l(heapauxi.o)
    0x08005f9a   0x00000002   Code   RO         1028    .text               c_w.l(use_no_semi.o)
    0x08005f9c   0x0000004e   Code   RO         1031    .text               c_w.l(_printf_pad.o)
    0x08005fea   0x00000024   Code   RO         1033    .text               c_w.l(_printf_truncate.o)
    0x0800600e   0x000000b2   Code   RO         1035    .text               c_w.l(_printf_intcommon.o)
    0x080060c0   0x00000028   Code   RO         1037    .text               c_w.l(_printf_charcount.o)
    0x080060e8   0x00000030   Code   RO         1039    .text               c_w.l(_printf_char_common.o)
    0x08006118   0x0000000a   Code   RO         1041    .text               c_w.l(_sputc.o)
    0x08006122   0x0000002c   Code   RO         1043    .text               c_w.l(_printf_char.o)
    0x0800614e   0x00000002   PAD
    0x08006150   0x00000024   Code   RO         1045    .text               c_w.l(_printf_char_file.o)
    0x08006174   0x000000bc   Code   RO         1047    .text               c_w.l(_printf_wctomb.o)
    0x08006230   0x00000078   Code   RO         1050    .text               c_w.l(_printf_longlong_dec.o)
    0x080062a8   0x00000070   Code   RO         1056    .text               c_w.l(_printf_oct_int_ll.o)
    0x08006318   0x00000094   Code   RO         1076    .text               c_w.l(_printf_hex_int_ll_ptr.o)
    0x080063ac   0x0000008a   Code   RO         1116    .text               c_w.l(lludiv10.o)
    0x08006436   0x00000416   Code   RO         1118    .text               c_w.l(_printf_fp_dec.o)
    0x0800684c   0x0000002c   Code   RO         1122    .text               c_w.l(_printf_wchar.o)
    0x08006878   0x00000008   Code   RO         1124    .text               c_w.l(ferror.o)
    0x08006880   0x00000040   Code   RO         1128    .text               c_w.l(_wcrtomb.o)
    0x080068c0   0x0000004a   Code   RO         1130    .text               c_w.l(sys_stackheap_outer.o)
    0x0800690a   0x00000002   PAD
    0x0800690c   0x00000010   Code   RO         1132    .text               c_w.l(rt_ctype_table.o)
    0x0800691c   0x00000008   Code   RO         1137    .text               c_w.l(rt_locale_intlibspace.o)
    0x08006924   0x00000080   Code   RO         1139    .text               c_w.l(_printf_fp_infnan.o)
    0x080069a4   0x000000d8   Code   RO         1141    .text               c_w.l(bigflt0.o)
    0x08006a7c   0x0000000c   Code   RO         1169    .text               c_w.l(exit.o)
    0x08006a88   0x00000008   Code   RO         1182    .text               c_w.l(libspace.o)
    0x08006a90   0x0000003e   Code   RO         1144    CL$$btod_d2e        c_w.l(btod.o)
    0x08006ace   0x00000046   Code   RO         1146    CL$$btod_d2e_denorm_low  c_w.l(btod.o)
    0x08006b14   0x00000060   Code   RO         1145    CL$$btod_d2e_norm_op1  c_w.l(btod.o)
    0x08006b74   0x00000338   Code   RO         1154    CL$$btod_div_common  c_w.l(btod.o)
    0x08006eac   0x000000c6   Code   RO         1151    CL$$btod_e2e        c_w.l(btod.o)
    0x08006f72   0x00000028   Code   RO         1148    CL$$btod_ediv       c_w.l(btod.o)
    0x08006f9a   0x00000028   Code   RO         1147    CL$$btod_emul       c_w.l(btod.o)
    0x08006fc2   0x00000244   Code   RO         1153    CL$$btod_mult_common  c_w.l(btod.o)
    0x08007206   0x00000028   Code   RO         1180    i.__ARM_fpclassify  m_ws.l(fpclassify.o)
    0x0800722e   0x0000000e   Code   RO          996    i._is_digit         c_w.l(__printf_wp.o)
    0x0800723c   0x0000002c   Code   RO         1167    locale$$code        c_w.l(lc_numeric_c.o)
    0x08007268   0x0000002c   Code   RO         1188    locale$$code        c_w.l(lc_ctype_c.o)
    0x08007294   0x00000004   Code   RO         1099    x$fpl$printf1       fz_ws.l(printf1.o)
    0x08007298   0x00000000   Code   RO         1179    x$fpl$usenofp       fz_ws.l(usenofp.o)
    0x08007298   0x00000018   Data   RO          693    .constdata          rtc.o
    0x080072b0   0x00000011   Data   RO         1004    .constdata          c_w.l(__printf_flags_ss_wp.o)
    0x080072c1   0x00000003   PAD
    0x080072c4   0x00000008   Data   RO         1048    .constdata          c_w.l(_printf_wctomb.o)
    0x080072cc   0x00000028   Data   RO         1077    .constdata          c_w.l(_printf_hex_int_ll_ptr.o)
    0x080072f4   0x00000094   Data   RO         1142    .constdata          c_w.l(bigflt0.o)
    0x08007388   0x000009c0   Data   RO            3    .conststring        main.o
    0x08007d48   0x00000098   Data   RO          694    .conststring        rtc.o
    0x08007de0   0x00000020   Data   RO         1305    Region$$Table       anon$$obj.o
    0x08007e00   0x0000001c   Data   RO         1166    locale$$data        c_w.l(lc_numeric_c.o)
    0x08007e1c   0x00000110   Data   RO         1187    locale$$data        c_w.l(lc_ctype_c.o)


    Execution Region RW_IRAM1 (Base: 0x20000000, Size: 0x00000e28, Max: 0x00010000, ABSOLUTE)

    Base Addr    Size         Type   Attr      Idx    E Section Name        Object

    0x20000000   0x00000024   Data   RW            4    .data               main.o
    0x20000024   0x00000014   Data   RW          258    .data               system_stm32f10x.o
    0x20000038   0x00000014   Data   RW          494    .data               stm32f10x_rcc.o
    0x2000004c   0x00000004   Data   RW          598    .data               delay.o
    0x20000050   0x00000006   Data   RW          631    .data               usart.o
    0x20000056   0x00000004   Data   RW          695    .data               rtc.o
    0x2000005a   0x00000020   Data   RW          718    .data               drugchoose.o
    0x2000007a   0x00000004   Data   RW          736    .data               hc05.o
    0x2000007e   0x00000003   Data   RW          759    .data               timer.o
    0x20000081   0x00000001   PAD
    0x20000082   0x00000002   Data   RW          866    .data               usart2.o
    0x20000084   0x00000002   Data   RW          921    .data               uart4.o
    0x20000086   0x00000002   Data   RW          937    .data               usart3.o
    0x20000088   0x00000020   Zero   RW            2    .bss                main.o
    0x200000a8   0x000000c8   Zero   RW          630    .bss                usart.o
    0x20000170   0x00000014   Zero   RW          692    .bss                rtc.o
    0x20000184   0x00000004   PAD
    0x20000188   0x00000190   Zero   RW          865    .bss                usart2.o
    0x20000318   0x000004b0   Zero   RW          936    .bss                usart3.o
    0x200007c8   0x00000060   Zero   RW         1183    .bss                c_w.l(libspace.o)
    0x20000828   0x00000200   Zero   RW          591    HEAP                startup_stm32f10x_hd.o
    0x20000a28   0x00000400   Zero   RW          590    STACK               startup_stm32f10x_hd.o


==============================================================================

Image component sizes


      Code (inc. data)   RO Data    RW Data    ZI Data      Debug   Object Name

         0          0          0          0          0         32   core_cm3.o
       212         18          0          4          0       1071   delay.o
       412         18          0         32          0       1698   drugchoose.o
       132         24          0          4          0       1540   hc05.o
       148         10          0          0          0        563   led.o
      8052       1632       2496         36         32     230284   main.o
       220         22          0          0          0     206685   misc.o
      1708        100        176          4         20       6009   rtc.o
       660        168          0          0          0       2852   sim900.o
        64         26        304          0       1536        816   startup_stm32f10x_hd.o
       196          8          0          0          0       3520   stm32f10x_bkp.o
       596          8          0          0          0       4386   stm32f10x_dma.o
       860         38          0          0          0       5701   stm32f10x_gpio.o
        26          0          0          0          0      54706   stm32f10x_it.o
       204         14          0          0          0       1947   stm32f10x_pwr.o
       932         36          0         20          0       8900   stm32f10x_rcc.o
       348          6          0          0          0       2854   stm32f10x_rtc.o
      3610         88          0          0          0      22184   stm32f10x_tim.o
      1032         22          0          0          0       8428   stm32f10x_usart.o
        12          0          0          0          0        481   sys.o
       480         38          0         20          0       1827   system_stm32f10x.o
       296         36          0          3          0     226208   timer.o
       216         14          0          2          0       1574   uart4.o
       556         46          0          6        200       3810   usart.o
       632         30          0          2        400       3697   usart2.o
       512         24          0          2       1200       2484   usart3.o
        96         26          0          0          0        729   usartgpu.o
       288         42          0          0          0       1025   xfs5152ce.o

    ----------------------------------------------------------------------
     22504       2494       3008        136       3392     806011   Object Totals
         0          0         32          0          0          0   (incl. Generated)
         4          0          0          1          4          0   (incl. Padding)

    ----------------------------------------------------------------------

      Code (inc. data)   RO Data    RW Data    ZI Data      Debug   Library Member Name

        24          4          0          0          0         84   __2printf.o
        44          6          0          0          0         84   __2sprintf.o
         8          0          0          0          0         68   __main.o
       392          4         17          0          0         92   __printf_flags_ss_wp.o
        14          0          0          0          0         68   __printf_wp.o
        52          8          0          0          0          0   __scatter.o
        26          0          0          0          0          0   __scatter_copy.o
        28          0          0          0          0          0   __scatter_zi.o
         6          0          0          0          0          0   _printf_a.o
         6          0          0          0          0          0   _printf_c.o
        44          0          0          0          0        108   _printf_char.o
        48          6          0          0          0         96   _printf_char_common.o
        36          4          0          0          0         80   _printf_char_file.o
        40          0          0          0          0         68   _printf_charcount.o
         6          0          0          0          0          0   _printf_d.o
       116         16          0          0          0         92   _printf_dec.o
         6          0          0          0          0          0   _printf_e.o
         6          0          0          0          0          0   _printf_f.o
      1046          0          0          0          0        216   _printf_fp_dec.o
       128         16          0          0          0         84   _printf_fp_infnan.o
         6          0          0          0          0          0   _printf_g.o
       148          4         40          0          0        160   _printf_hex_int_ll_ptr.o
         6          0          0          0          0          0   _printf_i.o
       178          0          0          0          0         88   _printf_intcommon.o
        10          0          0          0          0          0   _printf_l.o
         6          0          0          0          0          0   _printf_lc.o
        10          0          0          0          0          0   _printf_ll.o
         6          0          0          0          0          0   _printf_lld.o
         6          0          0          0          0          0   _printf_lli.o
         6          0          0          0          0          0   _printf_llo.o
         6          0          0          0          0          0   _printf_llu.o
         6          0          0          0          0          0   _printf_llx.o
       120         16          0          0          0         92   _printf_longlong_dec.o
         6          0          0          0          0          0   _printf_ls.o
         6          0          0          0          0          0   _printf_n.o
         6          0          0          0          0          0   _printf_o.o
       112          8          0          0          0        124   _printf_oct_int_ll.o
         6          0          0          0          0          0   _printf_p.o
        78          0          0          0          0        108   _printf_pad.o
         0          0          0          0          0          0   _printf_percent.o
         4          0          0          0          0          0   _printf_percent_end.o
         6          0          0          0          0          0   _printf_s.o
        82          0          0          0          0         80   _printf_str.o
        36          0          0          0          0         84   _printf_truncate.o
         6          0          0          0          0          0   _printf_u.o
        44          0          0          0          0        108   _printf_wchar.o
       188          6          8          0          0         92   _printf_wctomb.o
         6          0          0          0          0          0   _printf_x.o
        10          0          0          0          0         68   _sputc.o
        64          0          0          0          0         92   _wcrtomb.o
       216          4        148          0          0         96   bigflt0.o
      1910        128          0          0          0        672   btod.o
        36          4          0          0          0         76   c89vsprintf.o
        12          0          0          0          0         72   exit.o
         8          0          0          0          0         68   ferror.o
         6          0          0          0          0        152   heapauxi.o
        44         10        272          0          0         76   lc_ctype_c.o
        44         10         28          0          0         76   lc_numeric_c.o
         2          0          0          0          0          0   libinit.o
        30          0          0          0          0          0   libinit2.o
         2          0          0          0          0          0   libshutdown.o
         2          0          0          0          0          0   libshutdown2.o
         8          4          0          0         96         68   libspace.o
       138          0          0          0          0         80   lludiv10.o
        88          0          0          0          0         76   memcmp.o
        16          4          0          0          0         76   rt_ctype_table.o
         8          4          0          0          0         68   rt_locale_intlibspace.o
        78          0          0          0          0         80   rt_memclr_w.o
       138          0          0          0          0         68   rt_memcpy_v6.o
       100          0          0          0          0         80   rt_memcpy_w.o
         0          0          0          0          0          0   rtentry.o
        12          0          0          0          0          0   rtentry2.o
         6          0          0          0          0          0   rtentry4.o
         2          0          0          0          0          0   rtexit.o
        10          0          0          0          0          0   rtexit2.o
       128          0          0          0          0         68   strcmpv7m.o
        62          0          0          0          0         76   strlen.o
        36          0          0          0          0         80   strstr.o
        74          0          0          0          0         80   sys_stackheap_outer.o
         2          0          0          0          0         68   use_no_semi.o
         2          0          0          0          0         68   use_no_semi_2.o
         4          0          0          0          0         68   printf1.o
         0          0          0          0          0          0   usenofp.o
        40          0          0          0          0         68   fpclassify.o

    ----------------------------------------------------------------------
      6528        266        516          0         96       4696   Library Totals
        14          0          3          0          0          0   (incl. Padding)

    ----------------------------------------------------------------------

      Code (inc. data)   RO Data    RW Data    ZI Data      Debug   Library Name

      6470        266        513          0         96       4560   c_w.l
         4          0          0          0          0         68   fz_ws.l
        40          0          0          0          0         68   m_ws.l

    ----------------------------------------------------------------------
      6528        266        516          0         96       4696   Library Totals

    ----------------------------------------------------------------------

==============================================================================


      Code (inc. data)   RO Data    RW Data    ZI Data      Debug   

     29032       2760       3524        136       3488     805659   Grand Totals
     29032       2760       3524        136       3488     805659   ELF Image Totals
     29032       2760       3524        136          0          0   ROM Totals

==============================================================================

    Total RO  Size (Code + RO Data)                32556 (  31.79kB)
    Total RW  Size (RW Data + ZI Data)              3624 (   3.54kB)
    Total ROM Size (Code + RO Data + RW Data)      32692 (  31.93kB)

==============================================================================

